Jun  3 15:57:34 syslogd started: BusyBox v1.30.1
Jun  3 15:57:34 kernel: klogd started: BusyBox v1.30.1 (Debian 1:1.30.1-4)
Jun  3 15:57:34 kernel: [    0.000000] Linux version 4.19.0-8-amd64 (debian-kernel@lists.debian.org) (gcc version 8.3.0 (Debian 8.3.0-6)) #1 SMP Debian 4.19.98-1 (2020-01-26)
Jun  3 15:57:34 kernel: [    0.000000] Command line: BOOT_IMAGE=/install.amd/vmlinuz vga=788 initrd=/install.amd/gtk/initrd.gz --- quiet locale=en_US.UTF-8 console-setup/layoutcode=us console-keymaps-at/keymap=us keyboard-configuration/layoutcode=us keymap=us netcfg/get_hostname=guest netcfg/get_domain=guest ipv6.disable=1 auto url=http://10.0.2.2:8081/preseed_qemu.txt 
Jun  3 15:57:34 kernel: [    0.000000] x86/fpu: x87 FPU will use FXSAVE
Jun  3 15:57:34 kernel: [    0.000000] BIOS-provided physical RAM map:
Jun  3 15:57:34 kernel: [    0.000000] BIOS-e820: [mem 0x0000000000000000-0x000000000009fbff] usable
Jun  3 15:57:34 kernel: [    0.000000] BIOS-e820: [mem 0x000000000009fc00-0x000000000009ffff] reserved
Jun  3 15:57:34 kernel: [    0.000000] BIOS-e820: [mem 0x00000000000f0000-0x00000000000fffff] reserved
Jun  3 15:57:34 kernel: [    0.000000] BIOS-e820: [mem 0x0000000000100000-0x00000000bffddfff] usable
Jun  3 15:57:34 kernel: [    0.000000] BIOS-e820: [mem 0x00000000bffde000-0x00000000bfffffff] reserved
Jun  3 15:57:34 kernel: [    0.000000] BIOS-e820: [mem 0x00000000feffc000-0x00000000feffffff] reserved
Jun  3 15:57:34 kernel: [    0.000000] BIOS-e820: [mem 0x00000000fffc0000-0x00000000ffffffff] reserved
Jun  3 15:57:34 kernel: [    0.000000] BIOS-e820: [mem 0x0000000100000000-0x000000013fffffff] usable
Jun  3 15:57:34 kernel: [    0.000000] NX (Execute Disable) protection: active
Jun  3 15:57:34 kernel: [    0.000000] SMBIOS 2.8 present.
Jun  3 15:57:34 kernel: [    0.000000] DMI: QEMU Standard PC (i440FX + PIIX, 1996), BIOS rel-1.12.0-0-ga698c8995f-prebuilt.qemu.org 04/01/2014
Jun  3 15:57:34 kernel: [    0.000000] Hypervisor detected: KVM
Jun  3 15:57:34 kernel: [    0.000000] kvm-clock: Using msrs 4b564d01 and 4b564d00
Jun  3 15:57:34 kernel: [    0.000000] kvm-clock: cpu 0, msr c3e6001, primary cpu clock
Jun  3 15:57:34 kernel: [    0.000000] kvm-clock: using sched offset of 95199784645 cycles
Jun  3 15:57:34 kernel: [    0.000001] clocksource: kvm-clock: mask: 0xffffffffffffffff max_cycles: 0x1cd42e4dffb, max_idle_ns: 881590591483 ns
Jun  3 15:57:34 kernel: [    0.000002] tsc: Detected 3400.022 MHz processor
Jun  3 15:57:34 kernel: [    0.001521] e820: update [mem 0x00000000-0x00000fff] usable ==> reserved
Jun  3 15:57:34 kernel: [    0.001523] e820: remove [mem 0x000a0000-0x000fffff] usable
Jun  3 15:57:34 kernel: [    0.001525] last_pfn = 0x140000 max_arch_pfn = 0x400000000
Jun  3 15:57:34 kernel: [    0.001547] MTRR default type: write-back
Jun  3 15:57:34 kernel: [    0.001547] MTRR fixed ranges enabled:
Jun  3 15:57:34 kernel: [    0.001548]   00000-9FFFF write-back
Jun  3 15:57:34 kernel: [    0.001549]   A0000-BFFFF uncachable
Jun  3 15:57:34 kernel: [    0.001549]   C0000-FFFFF write-protect
Jun  3 15:57:34 kernel: [    0.001550] MTRR variable ranges enabled:
Jun  3 15:57:34 kernel: [    0.001551]   0 base 00C0000000 mask FFC0000000 uncachable
Jun  3 15:57:34 kernel: [    0.001551]   1 disabled
Jun  3 15:57:34 kernel: [    0.001551]   2 disabled
Jun  3 15:57:34 kernel: [    0.001552]   3 disabled
Jun  3 15:57:34 kernel: [    0.001552]   4 disabled
Jun  3 15:57:34 kernel: [    0.001552]   5 disabled
Jun  3 15:57:34 kernel: [    0.001552]   6 disabled
Jun  3 15:57:34 kernel: [    0.001553]   7 disabled
Jun  3 15:57:34 kernel: [    0.001559] x86/PAT: PAT not supported by CPU.
Jun  3 15:57:34 kernel: [    0.001563] x86/PAT: Configuration [0-7]: WB  WT  UC- UC  WB  WT  UC- UC  
Jun  3 15:57:34 kernel: [    0.001565] last_pfn = 0xbffde max_arch_pfn = 0x400000000
Jun  3 15:57:34 kernel: [    0.007099] found SMP MP-table at [mem 0x000f5850-0x000f585f]
Jun  3 15:57:34 kernel: [    0.007205] BRK [0x0c601000, 0x0c601fff] PGTABLE
Jun  3 15:57:34 kernel: [    0.007207] BRK [0x0c602000, 0x0c602fff] PGTABLE
Jun  3 15:57:34 kernel: [    0.007207] BRK [0x0c603000, 0x0c603fff] PGTABLE
Jun  3 15:57:34 kernel: [    0.007224] BRK [0x0c604000, 0x0c604fff] PGTABLE
Jun  3 15:57:34 kernel: [    0.007225] BRK [0x0c605000, 0x0c605fff] PGTABLE
Jun  3 15:57:34 kernel: [    0.007413] RAMDISK: [mem 0x7d39b000-0x7fffffff]
Jun  3 15:57:34 kernel: [    0.007427] ACPI: Early table checksum verification disabled
Jun  3 15:57:34 kernel: [    0.007471] ACPI: RSDP 0x00000000000F5800 000014 (v00 BOCHS )
Jun  3 15:57:34 kernel: [    0.007477] ACPI: RSDT 0x00000000BFFE1402 000030 (v01 BOCHS  BXPCRSDT 00000001 BXPC 00000001)
Jun  3 15:57:34 kernel: [    0.007480] ACPI: FACP 0x00000000BFFE12B6 000074 (v01 BOCHS  BXPCFACP 00000001 BXPC 00000001)
Jun  3 15:57:34 kernel: [    0.007486] ACPI: DSDT 0x00000000BFFDFD00 0015B6 (v01 BOCHS  BXPCDSDT 00000001 BXPC 00000001)
Jun  3 15:57:34 kernel: [    0.007488] ACPI: FACS 0x00000000BFFDFCC0 000040
Jun  3 15:57:34 kernel: [    0.007490] ACPI: APIC 0x00000000BFFE132A 0000A0 (v01 BOCHS  BXPCAPIC 00000001 BXPC 00000001)
Jun  3 15:57:34 kernel: [    0.007492] ACPI: HPET 0x00000000BFFE13CA 000038 (v01 BOCHS  BXPCHPET 00000001 BXPC 00000001)
Jun  3 15:57:34 kernel: [    0.007498] ACPI: Local APIC address 0xfee00000
Jun  3 15:57:34 kernel: [    0.007754] No NUMA configuration found
Jun  3 15:57:34 kernel: [    0.007755] Faking a node at [mem 0x0000000000000000-0x000000013fffffff]
Jun  3 15:57:34 kernel: [    0.007757] NODE_DATA(0) allocated [mem 0x13fff8000-0x13fffcfff]
Jun  3 15:57:34 kernel: [    0.007870] Zone ranges:
Jun  3 15:57:34 kernel: [    0.007870]   DMA      [mem 0x0000000000001000-0x0000000000ffffff]
Jun  3 15:57:34 kernel: [    0.007871]   DMA32    [mem 0x0000000001000000-0x00000000ffffffff]
Jun  3 15:57:34 kernel: [    0.007872]   Normal   [mem 0x0000000100000000-0x000000013fffffff]
Jun  3 15:57:34 kernel: [    0.007872]   Device   empty
Jun  3 15:57:34 kernel: [    0.007873] Movable zone start for each node
Jun  3 15:57:34 kernel: [    0.007873] Early memory node ranges
Jun  3 15:57:34 kernel: [    0.007874]   node   0: [mem 0x0000000000001000-0x000000000009efff]
Jun  3 15:57:34 kernel: [    0.007874]   node   0: [mem 0x0000000000100000-0x00000000bffddfff]
Jun  3 15:57:34 kernel: [    0.007875]   node   0: [mem 0x0000000100000000-0x000000013fffffff]
Jun  3 15:57:34 kernel: [    0.007973] Reserved but unavailable: 98 pages
Jun  3 15:57:34 kernel: [    0.007974] Initmem setup node 0 [mem 0x0000000000001000-0x000000013fffffff]
Jun  3 15:57:34 kernel: [    0.007975] On node 0 totalpages: 1048444
Jun  3 15:57:34 kernel: [    0.007975]   DMA zone: 64 pages used for memmap
Jun  3 15:57:34 kernel: [    0.007975]   DMA zone: 21 pages reserved
Jun  3 15:57:34 kernel: [    0.007976]   DMA zone: 3998 pages, LIFO batch:0
Jun  3 15:57:34 kernel: [    0.008042]   DMA32 zone: 12224 pages used for memmap
Jun  3 15:57:34 kernel: [    0.008042]   DMA32 zone: 782302 pages, LIFO batch:63
Jun  3 15:57:34 kernel: [    0.023592]   Normal zone: 4096 pages used for memmap
Jun  3 15:57:34 kernel: [    0.023594]   Normal zone: 262144 pages, LIFO batch:63
Jun  3 15:57:34 kernel: [    0.028955] ACPI: PM-Timer IO Port: 0x608
Jun  3 15:57:34 kernel: [    0.028958] ACPI: Local APIC address 0xfee00000
Jun  3 15:57:34 kernel: [    0.028966] ACPI: LAPIC_NMI (acpi_id[0xff] dfl dfl lint[0x1])
Jun  3 15:57:34 kernel: [    0.028990] IOAPIC[0]: apic_id 0, version 17, address 0xfec00000, GSI 0-23
Jun  3 15:57:34 kernel: [    0.028992] ACPI: INT_SRC_OVR (bus 0 bus_irq 0 global_irq 2 dfl dfl)
Jun  3 15:57:34 kernel: [    0.028993] ACPI: INT_SRC_OVR (bus 0 bus_irq 5 global_irq 5 high level)
Jun  3 15:57:34 kernel: [    0.028994] ACPI: INT_SRC_OVR (bus 0 bus_irq 9 global_irq 9 high level)
Jun  3 15:57:34 kernel: [    0.028994] ACPI: INT_SRC_OVR (bus 0 bus_irq 10 global_irq 10 high level)
Jun  3 15:57:34 kernel: [    0.028995] ACPI: INT_SRC_OVR (bus 0 bus_irq 11 global_irq 11 high level)
Jun  3 15:57:34 kernel: [    0.028995] ACPI: IRQ0 used by override.
Jun  3 15:57:34 kernel: [    0.028996] ACPI: IRQ5 used by override.
Jun  3 15:57:34 kernel: [    0.028996] ACPI: IRQ9 used by override.
Jun  3 15:57:34 kernel: [    0.028997] ACPI: IRQ10 used by override.
Jun  3 15:57:34 kernel: [    0.028997] ACPI: IRQ11 used by override.
Jun  3 15:57:34 kernel: [    0.028998] Using ACPI (MADT) for SMP configuration information
Jun  3 15:57:34 kernel: [    0.028999] ACPI: HPET id: 0x8086a201 base: 0xfed00000
Jun  3 15:57:34 kernel: [    0.029006] smpboot: Allowing 6 CPUs, 0 hotplug CPUs
Jun  3 15:57:34 kernel: [    0.029019] PM: Registered nosave memory: [mem 0x00000000-0x00000fff]
Jun  3 15:57:34 kernel: [    0.029020] PM: Registered nosave memory: [mem 0x0009f000-0x0009ffff]
Jun  3 15:57:34 kernel: [    0.029020] PM: Registered nosave memory: [mem 0x000a0000-0x000effff]
Jun  3 15:57:34 kernel: [    0.029020] PM: Registered nosave memory: [mem 0x000f0000-0x000fffff]
Jun  3 15:57:34 kernel: [    0.029021] PM: Registered nosave memory: [mem 0xbffde000-0xbfffffff]
Jun  3 15:57:34 kernel: [    0.029021] PM: Registered nosave memory: [mem 0xc0000000-0xfeffbfff]
Jun  3 15:57:34 kernel: [    0.029022] PM: Registered nosave memory: [mem 0xfeffc000-0xfeffffff]
Jun  3 15:57:34 kernel: [    0.029022] PM: Registered nosave memory: [mem 0xff000000-0xfffbffff]
Jun  3 15:57:34 kernel: [    0.029023] PM: Registered nosave memory: [mem 0xfffc0000-0xffffffff]
Jun  3 15:57:34 kernel: [    0.029024] [mem 0xc0000000-0xfeffbfff] available for PCI devices
Jun  3 15:57:34 kernel: [    0.029024] Booting paravirtualized kernel on KVM
Jun  3 15:57:34 kernel: [    0.029026] clocksource: refined-jiffies: mask: 0xffffffff max_cycles: 0xffffffff, max_idle_ns: 7645519600211568 ns
Jun  3 15:57:34 kernel: [    0.101855] random: get_random_bytes called from start_kernel+0x93/0x52c with crng_init=0
Jun  3 15:57:34 kernel: [    0.101861] setup_percpu: NR_CPUS:512 nr_cpumask_bits:512 nr_cpu_ids:6 nr_node_ids:1
Jun  3 15:57:34 kernel: [    0.102070] percpu: Embedded 45 pages/cpu s144408 r8192 d31720 u262144
Jun  3 15:57:34 kernel: [    0.102074] pcpu-alloc: s144408 r8192 d31720 u262144 alloc=1*2097152
Jun  3 15:57:34 kernel: [    0.102075] pcpu-alloc: [0] 0 1 2 3 4 5 - - 
Jun  3 15:57:34 kernel: [    0.102093] KVM setup async PF for cpu 0
Jun  3 15:57:34 kernel: [    0.102098] kvm-stealtime: cpu 0, msr 13ba161c0
Jun  3 15:57:34 kernel: [    0.102102] Built 1 zonelists, mobility grouping on.  Total pages: 1032039
Jun  3 15:57:34 kernel: [    0.102102] Policy zone: Normal
Jun  3 15:57:34 kernel: [    0.102103] Kernel command line: BOOT_IMAGE=/install.amd/vmlinuz vga=788 initrd=/install.amd/gtk/initrd.gz --- quiet locale=en_US.UTF-8 console-setup/layoutcode=us console-keymaps-at/keymap=us keyboard-configuration/layoutcode=us keymap=us netcfg/get_hostname=guest netcfg/get_domain=guest ipv6.disable=1 auto url=http://10.0.2.2:8081/preseed_qemu.txt 
Jun  3 15:57:34 kernel: [    0.109680] Calgary: detecting Calgary via BIOS EBDA area
Jun  3 15:57:34 kernel: [    0.109682] Calgary: Unable to locate Rio Grande table in EBDA - bailing!
Jun  3 15:57:34 kernel: [    0.118454] Memory: 3990868K/4193776K available (10252K kernel code, 1241K rwdata, 3320K rodata, 1592K init, 2276K bss, 202908K reserved, 0K cma-reserved)
Jun  3 15:57:34 kernel: [    0.118635] SLUB: HWalign=64, Order=0-3, MinObjects=0, CPUs=6, Nodes=1
Jun  3 15:57:34 kernel: [    0.118639] Kernel/User page tables isolation: enabled
Jun  3 15:57:34 kernel: [    0.118676] ftrace: allocating 31847 entries in 125 pages
Jun  3 15:57:34 kernel: [    0.127323] rcu: Hierarchical RCU implementation.
Jun  3 15:57:34 kernel: [    0.127324] rcu: 	RCU restricting CPUs from NR_CPUS=512 to nr_cpu_ids=6.
Jun  3 15:57:34 kernel: [    0.127324] rcu: Adjusting geometry for rcu_fanout_leaf=16, nr_cpu_ids=6
Jun  3 15:57:34 kernel: [    0.129473] NR_IRQS: 33024, nr_irqs: 472, preallocated irqs: 16
Jun  3 15:57:34 kernel: [    0.129636] Console: colour dummy device 80x25
Jun  3 15:57:34 kernel: [    0.129639] console [tty0] enabled
Jun  3 15:57:34 kernel: [    0.129650] ACPI: Core revision 20180810
Jun  3 15:57:34 kernel: [    0.129843] clocksource: hpet: mask: 0xffffffff max_cycles: 0xffffffff, max_idle_ns: 19112604467 ns
Jun  3 15:57:34 kernel: [    0.129916] hpet clockevent registered
Jun  3 15:57:34 kernel: [    0.129937] APIC: Switch to symmetric I/O mode setup
Jun  3 15:57:34 kernel: [    0.130089] x2apic enabled
Jun  3 15:57:34 kernel: [    0.130271] Switched APIC routing to physical x2apic.
Jun  3 15:57:34 kernel: [    0.131033] ..TIMER: vector=0x30 apic1=0 pin1=2 apic2=-1 pin2=-1
Jun  3 15:57:34 kernel: [    0.131052] clocksource: tsc-early: mask: 0xffffffffffffffff max_cycles: 0x310263dce6e, max_idle_ns: 440795334146 ns
Jun  3 15:57:34 kernel: [    0.131062] Calibrating delay loop (skipped) preset value.. 6800.04 BogoMIPS (lpj=13600088)
Jun  3 15:57:34 kernel: [    0.131063] pid_max: default: 32768 minimum: 301
Jun  3 15:57:34 kernel: [    0.131081] Security Framework initialized
Jun  3 15:57:34 kernel: [    0.131082] Yama: disabled by default; enable with sysctl kernel.yama.*
Jun  3 15:57:34 kernel: [    0.131092] AppArmor: AppArmor initialized
Jun  3 15:57:34 kernel: [    0.131566] Dentry cache hash table entries: 524288 (order: 10, 4194304 bytes)
Jun  3 15:57:34 kernel: [    0.131798] Inode-cache hash table entries: 262144 (order: 9, 2097152 bytes)
Jun  3 15:57:34 kernel: [    0.131809] Mount-cache hash table entries: 8192 (order: 4, 65536 bytes)
Jun  3 15:57:34 kernel: [    0.131815] Mountpoint-cache hash table entries: 8192 (order: 4, 65536 bytes)
Jun  3 15:57:34 kernel: [    0.132022] Last level iTLB entries: 4KB 0, 2MB 0, 4MB 0
Jun  3 15:57:34 kernel: [    0.132022] Last level dTLB entries: 4KB 0, 2MB 0, 4MB 0, 1GB 0
Jun  3 15:57:34 kernel: [    0.132023] Spectre V1 : Mitigation: usercopy/swapgs barriers and __user pointer sanitization
Jun  3 15:57:34 kernel: [    0.132025] Spectre V2 : Mitigation: Full generic retpoline
Jun  3 15:57:34 kernel: [    0.132025] Spectre V2 : Spectre v2 / SpectreRSB mitigation: Filling RSB on context switch
Jun  3 15:57:34 kernel: [    0.132026] Speculative Store Bypass: Vulnerable
Jun  3 15:57:34 kernel: [    0.132051] MDS: Vulnerable: Clear CPU buffers attempted, no microcode
Jun  3 15:57:34 kernel: [    0.132153] Freeing SMP alternatives memory: 24K
Jun  3 15:57:34 kernel: [    0.242657] smpboot: CPU0: Intel QEMU Virtual CPU version 2.5+ (family: 0x6, model: 0x6, stepping: 0x3)
Jun  3 15:57:34 kernel: [    0.242749] Performance Events: PMU not available due to virtualization, using software events only.
Jun  3 15:57:34 kernel: [    0.243053] rcu: Hierarchical SRCU implementation.
Jun  3 15:57:34 kernel: [    0.243053] NMI watchdog: Perf NMI watchdog permanently disabled
Jun  3 15:57:34 kernel: [    0.243053] smp: Bringing up secondary CPUs ...
Jun  3 15:57:34 kernel: [    0.243053] x86: Booting SMP configuration:
Jun  3 15:57:34 kernel: [    0.243053] .... node  #0, CPUs:      #1
Jun  3 15:57:34 kernel: [    0.001439] kvm-clock: cpu 1, msr c3e6041, secondary cpu clock
Jun  3 15:57:34 kernel: [    0.243068] KVM setup async PF for cpu 1
Jun  3 15:57:34 kernel: [    0.243071] kvm-stealtime: cpu 1, msr 13ba561c0
Jun  3 15:57:34 kernel: [    0.243111]  #2
Jun  3 15:57:34 kernel: [    0.001439] kvm-clock: cpu 2, msr c3e6081, secondary cpu clock
Jun  3 15:57:34 kernel: [    0.247114] KVM setup async PF for cpu 2
Jun  3 15:57:34 kernel: [    0.247114] kvm-stealtime: cpu 2, msr 13ba961c0
Jun  3 15:57:34 kernel: [    0.247196]  #3
Jun  3 15:57:34 kernel: [    0.001439] kvm-clock: cpu 3, msr c3e60c1, secondary cpu clock
Jun  3 15:57:34 kernel: [    0.251068] KVM setup async PF for cpu 3
Jun  3 15:57:34 kernel: [    0.251071] kvm-stealtime: cpu 3, msr 13bad61c0
Jun  3 15:57:34 kernel: [    0.251118]  #4
Jun  3 15:57:34 kernel: [    0.001439] kvm-clock: cpu 4, msr c3e6101, secondary cpu clock
Jun  3 15:57:34 kernel: [    0.255071] KVM setup async PF for cpu 4
Jun  3 15:57:34 kernel: [    0.255071] kvm-stealtime: cpu 4, msr 13bb161c0
Jun  3 15:57:34 kernel: [    0.255113]  #5
Jun  3 15:57:34 kernel: [    0.001439] kvm-clock: cpu 5, msr c3e6141, secondary cpu clock
Jun  3 15:57:34 kernel: [    0.259070] KVM setup async PF for cpu 5
Jun  3 15:57:34 kernel: [    0.259071] kvm-stealtime: cpu 5, msr 13bb561c0
Jun  3 15:57:34 kernel: [    0.259074] smp: Brought up 1 node, 6 CPUs
Jun  3 15:57:34 kernel: [    0.259074] smpboot: Max logical packages: 6
Jun  3 15:57:34 kernel: [    0.259074] smpboot: Total of 6 processors activated (40800.26 BogoMIPS)
Jun  3 15:57:34 kernel: [    0.259458] devtmpfs: initialized
Jun  3 15:57:34 kernel: [    0.259458] x86/mm: Memory block size: 128MB
Jun  3 15:57:34 kernel: [    0.259458] clocksource: jiffies: mask: 0xffffffff max_cycles: 0xffffffff, max_idle_ns: 7645041785100000 ns
Jun  3 15:57:34 kernel: [    0.259458] futex hash table entries: 2048 (order: 5, 131072 bytes)
Jun  3 15:57:34 kernel: [    0.259458] pinctrl core: initialized pinctrl subsystem
Jun  3 15:57:34 kernel: [    0.263170] NET: Registered protocol family 16
Jun  3 15:57:34 kernel: [    0.263280] audit: initializing netlink subsys (disabled)
Jun  3 15:57:34 kernel: [    0.263301] audit: type=2000 audit(1622735853.736:1): state=initialized audit_enabled=0 res=1
Jun  3 15:57:34 kernel: [    0.263301] cpuidle: using governor ladder
Jun  3 15:57:34 kernel: [    0.263301] cpuidle: using governor menu
Jun  3 15:57:34 kernel: [    0.263412] ACPI: bus type PCI registered
Jun  3 15:57:34 kernel: [    0.263414] acpiphp: ACPI Hot Plug PCI Controller Driver version: 0.5
Jun  3 15:57:34 kernel: [    0.263540] PCI: Using configuration type 1 for base access
Jun  3 15:57:34 kernel: [    0.263600] HugeTLB registered 2.00 MiB page size, pre-allocated 0 pages
Jun  3 15:57:34 kernel: [    0.263600] ACPI: Added _OSI(Module Device)
Jun  3 15:57:34 kernel: [    0.263600] ACPI: Added _OSI(Processor Device)
Jun  3 15:57:34 kernel: [    0.263600] ACPI: Added _OSI(3.0 _SCP Extensions)
Jun  3 15:57:34 kernel: [    0.263600] ACPI: Added _OSI(Processor Aggregator Device)
Jun  3 15:57:34 kernel: [    0.263600] ACPI: Added _OSI(Linux-Dell-Video)
Jun  3 15:57:34 kernel: [    0.263600] ACPI: Added _OSI(Linux-Lenovo-NV-HDMI-Audio)
Jun  3 15:57:34 kernel: [    0.263702] ACPI: 1 ACPI AML tables successfully acquired and loaded
Jun  3 15:57:34 kernel: [    0.264550] ACPI: Interpreter enabled
Jun  3 15:57:34 kernel: [    0.264565] ACPI: (supports S0 S3 S4 S5)
Jun  3 15:57:34 kernel: [    0.264566] ACPI: Using IOAPIC for interrupt routing
Jun  3 15:57:34 kernel: [    0.264574] PCI: Using host bridge windows from ACPI; if necessary, use "pci=nocrs" and report a bug
Jun  3 15:57:34 kernel: [    0.264653] ACPI: Enabled 2 GPEs in block 00 to 0F
Jun  3 15:57:34 kernel: [    0.268483] ACPI: PCI Root Bridge [PCI0] (domain 0000 [bus 00-ff])
Jun  3 15:57:34 kernel: [    0.268486] acpi PNP0A03:00: _OSC: OS supports [ASPM ClockPM Segments MSI]
Jun  3 15:57:34 kernel: [    0.268489] acpi PNP0A03:00: _OSC failed (AE_NOT_FOUND); disabling ASPM
Jun  3 15:57:34 kernel: [    0.268493] acpi PNP0A03:00: fail to add MMCONFIG information, can't access extended PCI configuration space under this bridge.
Jun  3 15:57:34 kernel: [    0.268697] acpiphp: Slot [3] registered
Jun  3 15:57:34 kernel: [    0.268737] acpiphp: Slot [4] registered
Jun  3 15:57:34 kernel: [    0.268781] acpiphp: Slot [5] registered
Jun  3 15:57:34 kernel: [    0.268811] acpiphp: Slot [6] registered
Jun  3 15:57:34 kernel: [    0.268839] acpiphp: Slot [7] registered
Jun  3 15:57:34 kernel: [    0.268867] acpiphp: Slot [8] registered
Jun  3 15:57:34 kernel: [    0.268896] acpiphp: Slot [9] registered
Jun  3 15:57:34 kernel: [    0.268924] acpiphp: Slot [10] registered
Jun  3 15:57:34 kernel: [    0.268952] acpiphp: Slot [11] registered
Jun  3 15:57:34 kernel: [    0.268979] acpiphp: Slot [12] registered
Jun  3 15:57:34 kernel: [    0.269008] acpiphp: Slot [13] registered
Jun  3 15:57:34 kernel: [    0.269036] acpiphp: Slot [14] registered
Jun  3 15:57:34 kernel: [    0.269063] acpiphp: Slot [15] registered
Jun  3 15:57:34 kernel: [    0.269090] acpiphp: Slot [16] registered
Jun  3 15:57:34 kernel: [    0.269118] acpiphp: Slot [17] registered
Jun  3 15:57:34 kernel: [    0.269145] acpiphp: Slot [18] registered
Jun  3 15:57:34 kernel: [    0.269173] acpiphp: Slot [19] registered
Jun  3 15:57:34 kernel: [    0.269205] acpiphp: Slot [20] registered
Jun  3 15:57:34 kernel: [    0.269233] acpiphp: Slot [21] registered
Jun  3 15:57:34 kernel: [    0.269260] acpiphp: Slot [22] registered
Jun  3 15:57:34 kernel: [    0.269287] acpiphp: Slot [23] registered
Jun  3 15:57:34 kernel: [    0.269314] acpiphp: Slot [24] registered
Jun  3 15:57:34 kernel: [    0.269342] acpiphp: Slot [25] registered
Jun  3 15:57:34 kernel: [    0.269369] acpiphp: Slot [26] registered
Jun  3 15:57:34 kernel: [    0.269396] acpiphp: Slot [27] registered
Jun  3 15:57:34 kernel: [    0.269424] acpiphp: Slot [28] registered
Jun  3 15:57:34 kernel: [    0.269451] acpiphp: Slot [29] registered
Jun  3 15:57:34 kernel: [    0.269478] acpiphp: Slot [30] registered
Jun  3 15:57:34 kernel: [    0.269506] acpiphp: Slot [31] registered
Jun  3 15:57:34 kernel: [    0.269516] PCI host bridge to bus 0000:00
Jun  3 15:57:34 kernel: [    0.269518] pci_bus 0000:00: root bus resource [io  0x0000-0x0cf7 window]
Jun  3 15:57:34 kernel: [    0.269519] pci_bus 0000:00: root bus resource [io  0x0d00-0xffff window]
Jun  3 15:57:34 kernel: [    0.269520] pci_bus 0000:00: root bus resource [mem 0x000a0000-0x000bffff window]
Jun  3 15:57:34 kernel: [    0.269520] pci_bus 0000:00: root bus resource [mem 0xc0000000-0xfebfffff window]
Jun  3 15:57:34 kernel: [    0.269521] pci_bus 0000:00: root bus resource [mem 0x140000000-0x1bfffffff window]
Jun  3 15:57:34 kernel: [    0.269522] pci_bus 0000:00: root bus resource [bus 00-ff]
Jun  3 15:57:34 kernel: [    0.269554] pci 0000:00:00.0: [8086:1237] type 00 class 0x060000
Jun  3 15:57:34 kernel: [    0.269904] pci 0000:00:01.0: [8086:7000] type 00 class 0x060100
Jun  3 15:57:34 kernel: [    0.270371] pci 0000:00:01.1: [8086:7010] type 00 class 0x010180
Jun  3 15:57:34 kernel: [    0.272027] pci 0000:00:01.1: reg 0x20: [io  0xc060-0xc06f]
Jun  3 15:57:34 kernel: [    0.272759] pci 0000:00:01.1: legacy IDE quirk: reg 0x10: [io  0x01f0-0x01f7]
Jun  3 15:57:34 kernel: [    0.272760] pci 0000:00:01.1: legacy IDE quirk: reg 0x14: [io  0x03f6]
Jun  3 15:57:34 kernel: [    0.272760] pci 0000:00:01.1: legacy IDE quirk: reg 0x18: [io  0x0170-0x0177]
Jun  3 15:57:34 kernel: [    0.272761] pci 0000:00:01.1: legacy IDE quirk: reg 0x1c: [io  0x0376]
Jun  3 15:57:34 kernel: [    0.272899] pci 0000:00:01.3: [8086:7113] type 00 class 0x068000
Jun  3 15:57:34 kernel: [    0.273267] pci 0000:00:01.3: quirk: [io  0x0600-0x063f] claimed by PIIX4 ACPI
Jun  3 15:57:34 kernel: [    0.273275] pci 0000:00:01.3: quirk: [io  0x0700-0x070f] claimed by PIIX4 SMB
Jun  3 15:57:34 kernel: [    0.273462] pci 0000:00:02.0: [1234:1111] type 00 class 0x030000
Jun  3 15:57:34 kernel: [    0.274715] pci 0000:00:02.0: reg 0x10: [mem 0xfd000000-0xfdffffff pref]
Jun  3 15:57:34 kernel: [    0.276332] pci 0000:00:02.0: reg 0x18: [mem 0xfebd0000-0xfebd0fff]
Jun  3 15:57:34 kernel: [    0.279800] pci 0000:00:02.0: reg 0x30: [mem 0xfebc0000-0xfebcffff pref]
Jun  3 15:57:34 kernel: [    0.280078] pci 0000:00:03.0: [1af4:1000] type 00 class 0x020000
Jun  3 15:57:34 kernel: [    0.281003] pci 0000:00:03.0: reg 0x10: [io  0xc040-0xc05f]
Jun  3 15:57:34 kernel: [    0.281910] pci 0000:00:03.0: reg 0x14: [mem 0xfebd1000-0xfebd1fff]
Jun  3 15:57:34 kernel: [    0.285142] pci 0000:00:03.0: reg 0x20: [mem 0xfe000000-0xfe003fff 64bit pref]
Jun  3 15:57:34 kernel: [    0.286008] pci 0000:00:03.0: reg 0x30: [mem 0xfeb80000-0xfebbffff pref]
Jun  3 15:57:34 kernel: [    0.286605] pci 0000:00:04.0: [1af4:1001] type 00 class 0x010000
Jun  3 15:57:34 kernel: [    0.288410] pci 0000:00:04.0: reg 0x10: [io  0xc000-0xc03f]
Jun  3 15:57:34 kernel: [    0.289265] pci 0000:00:04.0: reg 0x14: [mem 0xfebd2000-0xfebd2fff]
Jun  3 15:57:34 kernel: [    0.291906] pci 0000:00:04.0: reg 0x20: [mem 0xfe004000-0xfe007fff 64bit pref]
Jun  3 15:57:34 kernel: [    0.293766] ACPI: PCI Interrupt Link [LNKA] (IRQs 5 *10 11)
Jun  3 15:57:34 kernel: [    0.293846] ACPI: PCI Interrupt Link [LNKB] (IRQs 5 *10 11)
Jun  3 15:57:34 kernel: [    0.293922] ACPI: PCI Interrupt Link [LNKC] (IRQs 5 10 *11)
Jun  3 15:57:34 kernel: [    0.293993] ACPI: PCI Interrupt Link [LNKD] (IRQs 5 10 *11)
Jun  3 15:57:34 kernel: [    0.294031] ACPI: PCI Interrupt Link [LNKS] (IRQs *9)
Jun  3 15:57:34 kernel: [    0.294377] pci 0000:00:02.0: vgaarb: setting as boot VGA device
Jun  3 15:57:34 kernel: [    0.294377] pci 0000:00:02.0: vgaarb: VGA device added: decodes=io+mem,owns=io+mem,locks=none
Jun  3 15:57:34 kernel: [    0.294377] pci 0000:00:02.0: vgaarb: bridge control possible
Jun  3 15:57:34 kernel: [    0.294377] vgaarb: loaded
Jun  3 15:57:34 kernel: [    0.294377] pps_core: LinuxPPS API ver. 1 registered
Jun  3 15:57:34 kernel: [    0.294377] pps_core: Software ver. 5.3.6 - Copyright 2005-2007 Rodolfo Giometti <giometti@linux.it>
Jun  3 15:57:34 kernel: [    0.294377] PTP clock support registered
Jun  3 15:57:34 kernel: [    0.294377] EDAC MC: Ver: 3.0.0
Jun  3 15:57:34 kernel: [    0.295085] PCI: Using ACPI for IRQ routing
Jun  3 15:57:34 kernel: [    0.295085] PCI: pci_cache_line_size set to 64 bytes
Jun  3 15:57:34 kernel: [    0.295191] e820: reserve RAM buffer [mem 0x0009fc00-0x0009ffff]
Jun  3 15:57:34 kernel: [    0.295192] e820: reserve RAM buffer [mem 0xbffde000-0xbfffffff]
Jun  3 15:57:34 kernel: [    0.295288] HPET: 3 timers in total, 0 timers will be used for per-cpu timer
Jun  3 15:57:34 kernel: [    0.295288] hpet0: at MMIO 0xfed00000, IRQs 2, 8, 0
Jun  3 15:57:34 kernel: [    0.295288] hpet0: 3 comparators, 64-bit 100.000000 MHz counter
Jun  3 15:57:34 kernel: [    0.299113] clocksource: Switched to clocksource kvm-clock
Jun  3 15:57:34 kernel: [    0.306002] VFS: Disk quotas dquot_6.6.0
Jun  3 15:57:34 kernel: [    0.306032] VFS: Dquot-cache hash table entries: 512 (order 0, 4096 bytes)
Jun  3 15:57:34 kernel: [    0.306202] AppArmor: AppArmor Filesystem Enabled
Jun  3 15:57:34 kernel: [    0.306216] pnp: PnP ACPI init
Jun  3 15:57:34 kernel: [    0.306272] pnp 00:00: Plug and Play ACPI device, IDs PNP0b00 (active)
Jun  3 15:57:34 kernel: [    0.306298] pnp 00:01: Plug and Play ACPI device, IDs PNP0303 (active)
Jun  3 15:57:34 kernel: [    0.306313] pnp 00:02: Plug and Play ACPI device, IDs PNP0f13 (active)
Jun  3 15:57:34 kernel: [    0.306319] pnp 00:03: [dma 2]
Jun  3 15:57:34 kernel: [    0.306327] pnp 00:03: Plug and Play ACPI device, IDs PNP0700 (active)
Jun  3 15:57:34 kernel: [    0.306392] pnp 00:04: Plug and Play ACPI device, IDs PNP0400 (active)
Jun  3 15:57:34 kernel: [    0.306425] pnp 00:05: Plug and Play ACPI device, IDs PNP0501 (active)
Jun  3 15:57:34 kernel: [    0.306584] pnp: PnP ACPI: found 6 devices
Jun  3 15:57:34 kernel: [    0.312740] clocksource: acpi_pm: mask: 0xffffff max_cycles: 0xffffff, max_idle_ns: 2085701024 ns
Jun  3 15:57:34 kernel: [    0.312749] pci_bus 0000:00: resource 4 [io  0x0000-0x0cf7 window]
Jun  3 15:57:34 kernel: [    0.312750] pci_bus 0000:00: resource 5 [io  0x0d00-0xffff window]
Jun  3 15:57:34 kernel: [    0.312750] pci_bus 0000:00: resource 6 [mem 0x000a0000-0x000bffff window]
Jun  3 15:57:34 kernel: [    0.312751] pci_bus 0000:00: resource 7 [mem 0xc0000000-0xfebfffff window]
Jun  3 15:57:34 kernel: [    0.312752] pci_bus 0000:00: resource 8 [mem 0x140000000-0x1bfffffff window]
Jun  3 15:57:34 kernel: [    0.312788] NET: Registered protocol family 2
Jun  3 15:57:34 kernel: [    0.312897] tcp_listen_portaddr_hash hash table entries: 2048 (order: 3, 32768 bytes)
Jun  3 15:57:34 kernel: [    0.312912] TCP established hash table entries: 32768 (order: 6, 262144 bytes)
Jun  3 15:57:34 kernel: [    0.312950] TCP bind hash table entries: 32768 (order: 7, 524288 bytes)
Jun  3 15:57:34 kernel: [    0.312980] TCP: Hash tables configured (established 32768 bind 32768)
Jun  3 15:57:34 kernel: [    0.312999] UDP hash table entries: 2048 (order: 4, 65536 bytes)
Jun  3 15:57:34 kernel: [    0.313006] UDP-Lite hash table entries: 2048 (order: 4, 65536 bytes)
Jun  3 15:57:34 kernel: [    0.313035] NET: Registered protocol family 1
Jun  3 15:57:34 kernel: [    0.313038] NET: Registered protocol family 44
Jun  3 15:57:34 kernel: [    0.313054] pci 0000:00:01.0: PIIX3: Enabling Passive Release
Jun  3 15:57:34 kernel: [    0.313064] pci 0000:00:00.0: Limiting direct PCI/PCI transfers
Jun  3 15:57:34 kernel: [    0.313073] pci 0000:00:01.0: Activating ISA DMA hang workarounds
Jun  3 15:57:34 kernel: [    0.313121] pci 0000:00:02.0: Video device with shadowed ROM at [mem 0x000c0000-0x000dffff]
Jun  3 15:57:34 kernel: [    0.313145] PCI: CLS 0 bytes, default 64
Jun  3 15:57:34 kernel: [    0.313178] Unpacking initramfs...
Jun  3 15:57:34 kernel: [    0.882538] Freeing initrd memory: 45460K
Jun  3 15:57:34 kernel: [    0.882553] PCI-DMA: Using software bounce buffering for IO (SWIOTLB)
Jun  3 15:57:34 kernel: [    0.882557] software IO TLB: mapped [mem 0xbbfde000-0xbffde000] (64MB)
Jun  3 15:57:34 kernel: [    0.882670] clocksource: tsc: mask: 0xffffffffffffffff max_cycles: 0x310263dce6e, max_idle_ns: 440795334146 ns
Jun  3 15:57:34 kernel: [    0.883407] Initialise system trusted keyrings
Jun  3 15:57:34 kernel: [    0.883418] Key type blacklist registered
Jun  3 15:57:34 kernel: [    0.883510] workingset: timestamp_bits=40 max_order=20 bucket_order=0
Jun  3 15:57:34 kernel: [    0.884543] zbud: loaded
Jun  3 15:57:34 kernel: [    0.998822] Key type asymmetric registered
Jun  3 15:57:34 kernel: [    0.998824] Asymmetric key parser 'x509' registered
Jun  3 15:57:34 kernel: [    0.998838] Block layer SCSI generic (bsg) driver version 0.4 loaded (major 247)
Jun  3 15:57:34 kernel: [    0.998926] io scheduler noop registered
Jun  3 15:57:34 kernel: [    0.998926] io scheduler deadline registered
Jun  3 15:57:34 kernel: [    0.998956] io scheduler cfq registered (default)
Jun  3 15:57:34 kernel: [    0.998957] io scheduler mq-deadline registered
Jun  3 15:57:34 kernel: [    0.999171] shpchp: Standard Hot Plug PCI Controller Driver version: 0.4
Jun  3 15:57:34 kernel: [    0.999185] vesafb: mode is 800x600x16, linelength=1600, pages=16
Jun  3 15:57:34 kernel: [    0.999186] vesafb: scrolling: redraw
Jun  3 15:57:34 kernel: [    0.999187] vesafb: Truecolor: size=0:5:6:5, shift=0:11:5:0
Jun  3 15:57:34 kernel: [    0.999194] vesafb: framebuffer at 0xfd000000, mapped to 0x(____ptrval____), using 1875k, total 16384k
Jun  3 15:57:34 kernel: [    0.999896] Console: switching to colour frame buffer device 100x37
Jun  3 15:57:34 kernel: [    1.000290] fb0: VESA VGA frame buffer device
Jun  3 15:57:34 kernel: [    1.000307] intel_idle: does not run on family 6 model 6
Jun  3 15:57:34 kernel: [    1.000550] Serial: 8250/16550 driver, 4 ports, IRQ sharing enabled
Jun  3 15:57:34 kernel: [    1.023712] 00:05: ttyS0 at I/O 0x3f8 (irq = 4, base_baud = 115200) is a 16550A
Jun  3 15:57:34 kernel: [    1.024067] Linux agpgart interface v0.103
Jun  3 15:57:34 kernel: [    1.024132] AMD IOMMUv2 driver by Joerg Roedel <jroedel@suse.de>
Jun  3 15:57:34 kernel: [    1.024133] AMD IOMMUv2 functionality not available on this system
Jun  3 15:57:34 kernel: [    1.024615] i8042: PNP: PS/2 Controller [PNP0303:KBD,PNP0f13:MOU] at 0x60,0x64 irq 1,12
Jun  3 15:57:34 kernel: [    1.025301] serio: i8042 KBD port at 0x60,0x64 irq 1
Jun  3 15:57:34 kernel: [    1.025305] serio: i8042 AUX port at 0x60,0x64 irq 12
Jun  3 15:57:34 kernel: [    1.025448] mousedev: PS/2 mouse device common for all mice
Jun  3 15:57:34 kernel: [    1.025522] rtc_cmos 00:00: RTC can wake from S4
Jun  3 15:57:34 kernel: [    1.025988] rtc_cmos 00:00: registered as rtc0
Jun  3 15:57:34 kernel: [    1.026038] rtc_cmos 00:00: alarms up to one day, y3k, 114 bytes nvram, hpet irqs
Jun  3 15:57:34 kernel: [    1.026072] input: AT Translated Set 2 keyboard as /devices/platform/i8042/serio0/input/input0
Jun  3 15:57:34 kernel: [    1.026441] ledtrig-cpu: registered to indicate activity on CPUs
Jun  3 15:57:34 kernel: [    1.026638] IPv6: Loaded, but administratively disabled, reboot required to enable
Jun  3 15:57:34 kernel: [    1.026640] mip6: Mobile IPv6
Jun  3 15:57:34 kernel: [    1.026642] mip6: mip6_init: can't add xfrm type(destopt)
Jun  3 15:57:34 kernel: [    1.026644] NET: Registered protocol family 17
Jun  3 15:57:34 kernel: [    1.026686] mpls_gso: MPLS GSO support
Jun  3 15:57:34 kernel: [    1.027148] mce: Using 10 MCE banks
Jun  3 15:57:34 kernel: [    1.027177] sched_clock: Marking stable (1029642765, -2560657)->(1109832267, -82750159)
Jun  3 15:57:34 kernel: [    1.027519] registered taskstats version 1
Jun  3 15:57:34 kernel: [    1.027520] Loading compiled-in X.509 certificates
Jun  3 15:57:34 kernel: [    1.054556] Loaded X.509 cert 'Debian Secure Boot CA: 6ccece7e4c6c0d1f6149f3dd27dfcc5cbb419ea1'
Jun  3 15:57:34 kernel: [    1.054568] Loaded X.509 cert 'Debian Secure Boot Signer: 00a7468def'
Jun  3 15:57:34 kernel: [    1.054599] zswap: loaded using pool lzo/zbud
Jun  3 15:57:34 kernel: [    1.054797] AppArmor: AppArmor sha1 policy hashing enabled
Jun  3 15:57:34 kernel: [    1.055235] rtc_cmos 00:00: setting system clock to 2021-06-03 15:57:34 UTC (1622735854)
Jun  3 15:57:34 kernel: [    1.056967] Freeing unused kernel image memory: 1592K
Jun  3 15:57:34 kernel: [    1.087158] Write protecting the kernel read-only data: 16384k
Jun  3 15:57:34 kernel: [    1.089873] Freeing unused kernel image memory: 2028K
Jun  3 15:57:34 kernel: [    1.090080] Freeing unused kernel image memory: 776K
Jun  3 15:57:34 kernel: [    1.095345] x86/mm: Checked W+X mappings: passed, no W+X pages found.
Jun  3 15:57:34 kernel: [    1.095431] x86/mm: Checking user space page tables
Jun  3 15:57:34 kernel: [    1.100326] x86/mm: Checked W+X mappings: passed, no W+X pages found.
Jun  3 15:57:34 kernel: [    1.100328] Run /init as init process
Jun  3 15:57:34 kernel: [    1.147808] input: VirtualPS/2 VMware VMMouse as /devices/platform/i8042/serio1/input/input3
Jun  3 15:57:34 kernel: [    1.148748] input: VirtualPS/2 VMware VMMouse as /devices/platform/i8042/serio1/input/input2
Jun  3 15:57:34 kernel: [    1.151313] SCSI subsystem initialized
Jun  3 15:57:34 kernel: [    1.156847] PCI Interrupt Link [LNKC] enabled at IRQ 11
Jun  3 15:57:34 kernel: [    1.162163] libata version 3.00 loaded.
Jun  3 15:57:34 kernel: [    1.163453] ata_piix 0000:00:01.1: version 2.13
Jun  3 15:57:34 kernel: [    1.163953] scsi host0: ata_piix
Jun  3 15:57:34 kernel: [    1.164073] scsi host1: ata_piix
Jun  3 15:57:34 kernel: [    1.164102] ata1: PATA max MWDMA2 cmd 0x1f0 ctl 0x3f6 bmdma 0xc060 irq 14
Jun  3 15:57:34 kernel: [    1.164102] ata2: PATA max MWDMA2 cmd 0x170 ctl 0x376 bmdma 0xc068 irq 15
Jun  3 15:57:34 kernel: [    1.172728] PCI Interrupt Link [LNKD] enabled at IRQ 10
Jun  3 15:57:34 kernel: [    1.176043] virtio_blk virtio1: [vda] 4096000 512-byte logical blocks (2.10 GB/1.95 GiB)
Jun  3 15:57:34 kernel: [    1.323683] ata2.01: NODEV after polling detection
Jun  3 15:57:34 kernel: [    1.323928] ata2.00: ATAPI: QEMU DVD-ROM, 2.5+, max UDMA/100
Jun  3 15:57:34 kernel: [    1.324960] scsi 1:0:0:0: CD-ROM            QEMU     QEMU DVD-ROM     2.5+ PQ: 0 ANSI: 5
Jun  3 15:57:34 kernel: [    1.330956] sr 1:0:0:0: [sr0] scsi3-mmc drive: 4x/4x cd/rw xa/form2 tray
Jun  3 15:57:34 kernel: [    1.330957] cdrom: Uniform CD-ROM driver Revision: 3.20
Jun  3 15:57:34 kernel: [    1.331245] sr 1:0:0:0: Attached scsi CD-ROM sr0
Jun  3 15:57:35 entropy-source: haveged needed: starting
Jun  3 15:57:35 haveged: haveged starting up
Jun  3 15:57:35 reopen-console: Looking at console tty0 from /proc/consoles
Jun  3 15:57:35 reopen-console:    Adding tty0 to consoles list
Jun  3 15:57:35 reopen-console:    tty0 is preferred
Jun  3 15:57:35 reopen-console: Adding inittab entry for tty0
Jun  3 15:57:35 reopen-console: Restarting init to start d-i on the consoles we found
Jun  3 15:57:35 init: reloading /etc/inittab
Jun  3 15:57:35 init: starting pid 244, tty '/dev/tty4': '/usr/bin/tail -f /var/log/syslog'
Jun  3 15:57:35 init: starting pid 245, tty '/dev/tty0': '/sbin/debian-installer'
Jun  3 15:57:35 kernel: [    1.885920] random: crng init done
Jun  3 15:57:36 init: process '/sbin/debian-installer' (pid 245) exited. Scheduling for restart.
Jun  3 15:57:36 init: starting pid 264, tty '/dev/tty0': '/sbin/debian-installer'
Jun  3 15:57:36 debconf: Setting debconf/language to en
Jun  3 15:57:36 main-menu[291]: DEBUG: resolver (libgcc1): package doesn't exist (ignored)
Jun  3 15:57:36 main-menu[291]: INFO: Falling back to the package description for brltty-udeb
Jun  3 15:57:36 main-menu[291]: INFO: Menu item 'localechooser' selected
Jun  3 15:57:36 localechooser: info: debian-installer/locale preseeded to 'en_US.UTF-8' (seen: true)
Jun  3 15:57:36 localechooser: info: Set localechooser/languagelist = 'en'
Jun  3 15:57:36 localechooser: info: Set debian-installer/country = 'US'
Jun  3 15:57:36 localechooser: info: Set debian-installer/locale = 'en_US.UTF-8'
Jun  3 15:57:36 debconf: Setting debconf/language to en
Jun  3 15:57:36 gtk-set-font: Switching to font 'DejaVu Sans' for 'en'
Jun  3 15:57:36 localechooser: info: Language = 'en'
Jun  3 15:57:36 localechooser: info: line=en;0;US;en_US.UTF-8;;console-setup
Jun  3 15:57:36 localechooser: info: Set debian-installer/language = 'en'
Jun  3 15:57:36 localechooser: info: Default country = 'US'
Jun  3 15:57:36 localechooser: info: Default locale = 'en_US.UTF-8'
Jun  3 15:57:36 localechooser: info: Set debian-installer/consoledisplay = 'console-setup'
Jun  3 15:57:36 debconf: Setting debconf/language to en
Jun  3 15:57:36 gtk-set-font: Switching to font 'DejaVu Sans' for 'en'
Jun  3 15:57:36 localechooser: info: Set debian-installer/country = 'US'
Jun  3 15:57:36 localechooser: info: Preseeded debian-installer/locale = 'en_US.UTF-8'
Jun  3 15:57:36 localechooser: info: Set debian-installer/locale = 'en_US.UTF-8'
Jun  3 15:57:36 localechooser: info: System locale (debian-installer/locale) = 'en_US.UTF-8'
Jun  3 15:57:36 main-menu[291]: DEBUG: resolver (libgcc1): package doesn't exist (ignored)
Jun  3 15:57:36 main-menu[291]: INFO: Falling back to the package description for brltty-udeb
Jun  3 15:57:36 main-menu[291]: INFO: Falling back to the package description for brltty-udeb
Jun  3 15:57:36 main-menu[291]: INFO: Falling back to the package description for brltty-udeb
Jun  3 15:57:36 main-menu[291]: INFO: Menu item 'brltty-udeb' selected
Jun  3 15:57:36 main-menu[291]: WARNING **: Unable to set title for brltty-udeb.
Jun  3 15:57:36 main-menu[291]: DEBUG: resolver (libgcc1): package doesn't exist (ignored)
Jun  3 15:57:36 main-menu[291]: INFO: Falling back to the package description for brltty-udeb
Jun  3 15:57:36 main-menu[291]: INFO: Falling back to the package description for brltty-udeb
Jun  3 15:57:36 main-menu[291]: INFO: Menu item 'espeakup-udeb' selected
Jun  3 15:57:36 main-menu[291]: DEBUG: resolver (libgcc1): package doesn't exist (ignored)
Jun  3 15:57:36 main-menu[291]: INFO: Falling back to the package description for brltty-udeb
Jun  3 15:57:36 main-menu[291]: INFO: Falling back to the package description for brltty-udeb
Jun  3 15:57:36 main-menu[291]: INFO: Menu item 'console-setup-udeb' selected
Jun  3 15:57:36 main-menu[291]: DEBUG: resolver (libgcc1): package doesn't exist (ignored)
Jun  3 15:57:36 main-menu[291]: INFO: Falling back to the package description for brltty-udeb
Jun  3 15:57:36 main-menu[291]: INFO: Falling back to the package description for brltty-udeb
Jun  3 15:57:36 main-menu[291]: INFO: Menu item 'cdrom-detect' selected
Jun  3 15:57:36 net/hw-detect.hotplug: Detected hotpluggable network interface lo
Jun  3 15:57:36 apt-install: Queueing package udev for later installation
Jun  3 15:57:36 apt-install: Queueing package pciutils for later installation
Jun  3 15:57:37 apt-install: Queueing package eject for later installation
Jun  3 15:57:38 check-missing-firmware: looking at dmesg for the first time
Jun  3 15:57:38 check-missing-firmware: saving timestamp for a later use: [    1.885920]
Jun  3 15:57:38 check-missing-firmware: /dev/.udev/firmware-missing does not exist, skipping
Jun  3 15:57:38 check-missing-firmware: /run/udev/firmware-missing does not exist, skipping
Jun  3 15:57:38 check-missing-firmware: no missing firmware in loaded kernel modules
Jun  3 15:57:38 cdrom-detect: Searching for Debian installation media...
Jun  3 15:57:38 cdrom-detect: Devices: '/dev/sr0'
Jun  3 15:57:38 kernel: [    4.673132] ISO 9660 Extensions: Microsoft Joliet Level 3
Jun  3 15:57:38 kernel: [    4.674918] ISO 9660 Extensions: RRIP_1991A
Jun  3 15:57:38 cdrom-detect: CD-ROM mount succeeded: device=/dev/sr0 fstype=iso9660
Jun  3 15:57:38 cdrom-detect: Detected CD 'Debian GNU/Linux 10.3.0 "Buster" - Official amd64 NETINST 20200208-12:07'
Jun  3 15:57:38 cdrom-detect: Detected CD with 'stable' (buster) distribution
Jun  3 15:57:38 anna-install: Queueing udeb eject-udeb for later installation
Jun  3 15:57:38 anna-install: Queueing udeb apt-mirror-setup for later installation
Jun  3 15:57:38 anna-install: Queueing udeb apt-cdrom-setup for later installation
Jun  3 15:57:38 anna-install: Queueing udeb buster-support for later installation
Jun  3 15:57:38 main-menu[291]: DEBUG: resolver (libgcc1): package doesn't exist (ignored)
Jun  3 15:57:38 main-menu[291]: INFO: Falling back to the package description for brltty-udeb
Jun  3 15:57:38 main-menu[291]: INFO: Falling back to the package description for brltty-udeb
Jun  3 15:57:38 main-menu[291]: INFO: Menu item 'load-cdrom' selected
Jun  3 15:57:38 cdrom-retriever: warning: File /cdrom/dists/buster/main/debian-installer/binary-amd64/Packages does not exist.
Jun  3 15:57:38 cdrom-retriever: warning: Unable to find contrib/debian-installer/binary-amd64/Packages in /cdrom/dists/buster/Release.
Jun  3 15:57:38 cdrom-retriever: warning: Unable to find contrib/debian-installer/binary-amd64/Packages.gz in /cdrom/dists/buster/Release.
Jun  3 15:57:38 anna[1774]: DEBUG: resolver (fat-modules): package doesn't exist (ignored)
Jun  3 15:57:38 anna[1774]: DEBUG: resolver (scsi-modules): package doesn't exist (ignored)
Jun  3 15:57:38 anna[1774]: DEBUG: resolver (fat-modules): package doesn't exist (ignored)
Jun  3 15:57:38 anna[1774]: DEBUG: resolver (scsi-modules): package doesn't exist (ignored)
Jun  3 15:57:38 anna[1774]: DEBUG: retrieving apt-cdrom-setup 1:0.151~deb10u1
Jun  3 15:57:38 anna[1774]: DEBUG: retrieving apt-mirror-setup 1:0.151~deb10u1
Jun  3 15:57:38 anna[1774]: DEBUG: retrieving apt-setup-udeb 1:0.151~deb10u1
Jun  3 15:57:38 anna[1774]: DEBUG: retrieving base-installer 1.189
Jun  3 15:57:38 anna[1774]: DEBUG: retrieving bootstrap-base 1.189
Jun  3 15:57:38 anna[1774]: DEBUG: retrieving btrfs-progs-udeb 4.20.1-2
Jun  3 15:57:39 anna[1774]: DEBUG: retrieving choose-mirror-bin 2.99
Jun  3 15:57:39 anna[1774]: DEBUG: retrieving clock-setup 0.141
Jun  3 15:57:39 anna[1774]: DEBUG: retrieving debian-archive-keyring-udeb 2019.1
Jun  3 15:57:39 anna[1774]: DEBUG: retrieving di-utils-mapdevfs 1.132
Jun  3 15:57:39 anna[1774]: DEBUG: retrieving debootstrap-udeb 1.0.114
Jun  3 15:57:39 anna[1774]: DEBUG: retrieving dmidecode-udeb 3.2-1
Jun  3 15:57:39 anna[1774]: DEBUG: retrieving dosfstools-udeb 4.1-2
Jun  3 15:57:39 anna[1774]: DEBUG: retrieving e2fsprogs-udeb 1.44.5-1+deb10u3
Jun  3 15:57:39 anna[1774]: DEBUG: retrieving eject-udeb 2.1.5+deb1+cvs20081104-13.2
Jun  3 15:57:39 anna[1774]: DEBUG: retrieving finish-install 2.100
Jun  3 15:57:39 anna[1774]: DEBUG: retrieving fuse-udeb 2.9.9-1
Jun  3 15:57:39 anna[1774]: DEBUG: retrieving libfuse2-udeb 2.9.9-1
Jun  3 15:57:39 anna[1774]: DEBUG: retrieving gpgv-udeb 2.2.12-1+deb10u1
Jun  3 15:57:39 anna[1774]: DEBUG: retrieving grub-installer 1.165
Jun  3 15:57:40 anna[1774]: DEBUG: retrieving grub-mount-udeb 2.02+dfsg1-20
Jun  3 15:57:40 anna[1774]: DEBUG: retrieving disk-detect 1.137
Jun  3 15:57:40 anna[1774]: DEBUG: retrieving ethdetect 1.137
Jun  3 15:57:40 anna[1774]: DEBUG: retrieving jfsutils-udeb 1.1.15-4
Jun  3 15:57:40 anna[1774]: DEBUG: retrieving kickseed-common 0.63
Jun  3 15:57:40 anna[1774]: DEBUG: retrieving libgcrypt20-udeb 1.8.4-5
Jun  3 15:57:40 anna[1774]: DEBUG: retrieving libgpg-error0-udeb 1.35-1
Jun  3 15:57:40 anna[1774]: DEBUG: retrieving libnl-3-200-udeb 3.4.0-1
Jun  3 15:57:40 anna[1774]: DEBUG: retrieving libnl-genl-3-200-udeb 3.4.0-1
Jun  3 15:57:40 anna[1774]: DEBUG: retrieving libzstd1-udeb 1.3.8+dfsg-3
Jun  3 15:57:40 anna[1774]: DEBUG: retrieving btrfs-modules-4.19.0-8-amd64-di 4.19.98-1
Jun  3 15:57:40 anna[1774]: DEBUG: retrieving compress-modules-4.19.0-8-amd64-di 4.19.98-1
Jun  3 15:57:40 anna[1774]: DEBUG: retrieving crypto-modules-4.19.0-8-amd64-di 4.19.98-1
Jun  3 15:57:40 anna[1774]: DEBUG: retrieving efi-modules-4.19.0-8-amd64-di 4.19.98-1
Jun  3 15:57:40 anna[1774]: DEBUG: retrieving ext4-modules-4.19.0-8-amd64-di 4.19.98-1
Jun  3 15:57:40 anna[1774]: DEBUG: retrieving jfs-modules-4.19.0-8-amd64-di 4.19.98-1
Jun  3 15:57:40 anna[1774]: DEBUG: retrieving loop-modules-4.19.0-8-amd64-di 4.19.98-1
Jun  3 15:57:40 anna[1774]: DEBUG: retrieving md-modules-4.19.0-8-amd64-di 4.19.98-1
Jun  3 15:57:40 anna[1774]: DEBUG: retrieving mtd-core-modules-4.19.0-8-amd64-di 4.19.98-1
Jun  3 15:57:40 anna[1774]: DEBUG: retrieving nic-modules-4.19.0-8-amd64-di 4.19.98-1
Jun  3 15:57:41 anna[1774]: DEBUG: retrieving nic-pcmcia-modules-4.19.0-8-amd64-di 4.19.98-1
Jun  3 15:57:41 anna[1774]: DEBUG: retrieving nic-shared-modules-4.19.0-8-amd64-di 4.19.98-1
Jun  3 15:57:41 anna[1774]: DEBUG: retrieving nic-usb-modules-4.19.0-8-amd64-di 4.19.98-1
Jun  3 15:57:41 anna[1774]: DEBUG: retrieving nic-wireless-modules-4.19.0-8-amd64-di 4.19.98-1
Jun  3 15:57:41 anna[1774]: DEBUG: retrieving xfs-modules-4.19.0-8-amd64-di 4.19.98-1
Jun  3 15:57:41 anna[1774]: DEBUG: retrieving libdevmapper1.02.1-udeb 2:1.02.155-3
Jun  3 15:57:41 anna[1774]: DEBUG: retrieving liblzo2-2-udeb 2.10-0.1
Jun  3 15:57:41 anna[1774]: DEBUG: retrieving mdadm-udeb 4.1-1
Jun  3 15:57:41 anna[1774]: DEBUG: retrieving ndisc6-udeb 1.0.4-1
Jun  3 15:57:41 anna[1774]: DEBUG: retrieving rdnssd-udeb 1.0.4-1
Jun  3 15:57:41 anna[1774]: DEBUG: retrieving netcfg 1.160
Jun  3 15:57:42 anna[1774]: DEBUG: retrieving nobootloader 1.56
Jun  3 15:57:42 anna[1774]: DEBUG: retrieving ntfs-3g-udeb 1:2017.3.23AR.3-3
Jun  3 15:57:42 anna[1774]: DEBUG: retrieving open-iscsi-udeb 2.0.874-7.1
Jun  3 15:57:42 anna[1774]: DEBUG: retrieving libisns-nocrypto0-udeb 0.97-3
Jun  3 15:57:42 anna[1774]: DEBUG: retrieving os-prober-udeb 1.77
Jun  3 15:57:42 anna[1774]: DEBUG: retrieving libparted-fs-resize0-udeb 3.2-25
Jun  3 15:57:42 anna[1774]: DEBUG: retrieving libparted2-udeb 3.2-25
Jun  3 15:57:42 anna[1774]: DEBUG: retrieving partman-auto 149
Jun  3 15:57:42 anna[1774]: DEBUG: retrieving partman-auto-raid 41
Jun  3 15:57:42 anna[1774]: DEBUG: retrieving partman-base 208
Jun  3 15:57:43 anna[1774]: DEBUG: retrieving partman-utils 208
Jun  3 15:57:43 anna[1774]: DEBUG: retrieving partman-basicfilesystems 148
Jun  3 15:57:43 anna[1774]: DEBUG: retrieving partman-basicmethods 69
Jun  3 15:57:43 anna[1774]: DEBUG: retrieving partman-btrfs 49
Jun  3 15:57:44 anna[1774]: DEBUG: retrieving partman-efi 80
Jun  3 15:57:44 anna[1774]: DEBUG: retrieving partman-ext3 103
Jun  3 15:57:44 anna[1774]: DEBUG: retrieving partman-iscsi 61
Jun  3 15:57:45 anna[1774]: DEBUG: retrieving partman-jfs 57
Jun  3 15:57:45 anna[1774]: DEBUG: retrieving partman-md 90
Jun  3 15:57:45 anna[1774]: DEBUG: retrieving partman-partitioning 130
Jun  3 15:57:45 anna[1774]: DEBUG: retrieving partman-target 115
Jun  3 15:57:46 anna[1774]: DEBUG: retrieving partman-xfs 66
Jun  3 15:57:46 anna[1774]: DEBUG: retrieving pkgsel 0.66
Jun  3 15:57:46 anna[1774]: DEBUG: retrieving network-preseed 1.102
Jun  3 15:57:47 anna[1774]: DEBUG: retrieving rdate-udeb 1:1.2-6
Jun  3 15:57:47 anna[1774]: DEBUG: retrieving tzsetup-udeb 1:0.111
Jun  3 15:57:47 anna[1774]: DEBUG: retrieving user-setup-udeb 1.81
Jun  3 15:57:48 anna[1774]: DEBUG: retrieving wide-dhcpv6-client-udeb 20080615-22
Jun  3 15:57:48 anna[1774]: DEBUG: retrieving libiw30-udeb 30~pre9-13
Jun  3 15:57:48 anna[1774]: DEBUG: retrieving wpasupplicant-udeb 2:2.7+git20190128+0c1e29f-6+deb10u1
Jun  3 15:57:48 anna[1774]: DEBUG: retrieving xfsprogs-udeb 4.20.0-1
Jun  3 15:57:48 main-menu[291]: DEBUG: resolver (libgcc1): package doesn't exist (ignored)
Jun  3 15:57:48 main-menu[291]: INFO: Falling back to the package description for brltty-udeb
Jun  3 15:57:48 main-menu[291]: INFO: Falling back to the package description for brltty-udeb
Jun  3 15:57:48 main-menu[291]: INFO: Menu item 'ethdetect' selected
Jun  3 15:57:49 net/hw-detect.hotplug: Detected hotpluggable network interface lo
Jun  3 15:57:49 kernel: [   15.632268] virtio_net virtio0 ens3: renamed from eth0
Jun  3 15:57:49 net/hw-detect.hotplug: Detected hotpluggable network interface ens3
Jun  3 15:57:50 check-missing-firmware: looking at dmesg again, restarting from \[    1.885920\]
Jun  3 15:57:50 check-missing-firmware: timestamp found, truncating dmesg accordingly
Jun  3 15:57:50 check-missing-firmware: saving timestamp for a later use: [   15.632268]
Jun  3 15:57:50 check-missing-firmware: /dev/.udev/firmware-missing does not exist, skipping
Jun  3 15:57:50 check-missing-firmware: /run/udev/firmware-missing does not exist, skipping
Jun  3 15:57:50 check-missing-firmware: no missing firmware in loaded kernel modules
Jun  3 15:57:50 check-missing-firmware: taking network interface ens3 up/down
Jun  3 15:57:51 check-missing-firmware: looking at dmesg again, restarting from \[   15.632268\]
Jun  3 15:57:51 check-missing-firmware: timestamp found, truncating dmesg accordingly
Jun  3 15:57:51 check-missing-firmware: saving timestamp for a later use: 
Jun  3 15:57:51 check-missing-firmware: /dev/.udev/firmware-missing does not exist, skipping
Jun  3 15:57:51 check-missing-firmware: /run/udev/firmware-missing does not exist, skipping
Jun  3 15:57:51 check-missing-firmware: no missing firmware in loaded kernel modules
Jun  3 15:57:51 main-menu[291]: DEBUG: resolver (libgcc1): package doesn't exist (ignored)
Jun  3 15:57:51 main-menu[291]: INFO: Falling back to the package description for brltty-udeb
Jun  3 15:57:51 main-menu[291]: INFO: Falling back to the package description for brltty-udeb
Jun  3 15:57:51 main-menu[291]: INFO: Menu item 'netcfg' selected
Jun  3 15:57:51 netcfg[3585]: INFO: Starting netcfg v.1.160
Jun  3 15:57:51 netcfg[3585]: WARNING **: Couldn't read Wpasupplicant pid file, not trying to kill.
Jun  3 15:57:51 netcfg[3585]: INFO: Could not find valid BOOTIF= entry in /proc/cmdline
Jun  3 15:57:51 netcfg[3585]: INFO: Taking down interface ens3
Jun  3 15:57:51 netcfg[3585]: INFO: Taking down interface lo
Jun  3 15:57:51 netcfg[3585]: INFO: Activating interface ens3
Jun  3 15:57:51 netcfg[3585]: DEBUG: State is now 0
Jun  3 15:57:51 netcfg[3585]: DEBUG: Want link on ens3
Jun  3 15:57:51 netcfg[3585]: INFO: Waiting time set to 3
Jun  3 15:57:51 netcfg[3585]: INFO: ethtool-lite: ens3: carrier up
Jun  3 15:57:51 netcfg[3585]: INFO: Found link on ens3
Jun  3 15:57:51 netcfg[3585]: DEBUG: Commencing network autoconfiguration on ens3
Jun  3 15:57:51 netcfg[3585]: DEBUG: rdnssd started; PID: 3595
Jun  3 15:57:52 netcfg[3585]: DEBUG: nc_v6_interface_configured(ens3, scope local)
Jun  3 15:57:52 netcfg[3585]: DEBUG: Running ip addr show ens3 to look for address
Jun  3 15:57:52 netcfg[3585]: DEBUG: ip line: 2: ens3: <BROADCAST,MULTICAST,UP,LOWER_UP> mtu 1500 qdisc pfifo_fast qlen 1000
Jun  3 15:57:52 netcfg[3585]: DEBUG: ip line:     link/ether 52:54:00:12:34:56 brd ff:ff:ff:ff:ff:ff
Jun  3 15:57:52 netcfg[3585]: DEBUG: nc_v6_interface_configured(ens3, scope local)
Jun  3 15:57:52 netcfg[3585]: DEBUG: Running ip addr show ens3 to look for address
Jun  3 15:57:52 netcfg[3585]: DEBUG: ip line: 2: ens3: <BROADCAST,MULTICAST,UP,LOWER_UP> mtu 1500 qdisc pfifo_fast qlen 1000
Jun  3 15:57:52 netcfg[3585]: DEBUG: ip line:     link/ether 52:54:00:12:34:56 brd ff:ff:ff:ff:ff:ff
Jun  3 15:57:52 netcfg[3585]: DEBUG: nc_v6_interface_configured(ens3, scope local)
Jun  3 15:57:52 netcfg[3585]: DEBUG: Running ip addr show ens3 to look for address
Jun  3 15:57:52 netcfg[3585]: DEBUG: ip line: 2: ens3: <BROADCAST,MULTICAST,UP,LOWER_UP> mtu 1500 qdisc pfifo_fast qlen 1000
Jun  3 15:57:52 netcfg[3585]: DEBUG: ip line:     link/ether 52:54:00:12:34:56 brd ff:ff:ff:ff:ff:ff
Jun  3 15:57:52 netcfg[3585]: DEBUG: nc_v6_interface_configured(ens3, scope local)
Jun  3 15:57:52 netcfg[3585]: DEBUG: Running ip addr show ens3 to look for address
Jun  3 15:57:52 netcfg[3585]: DEBUG: ip line: 2: ens3: <BROADCAST,MULTICAST,UP,LOWER_UP> mtu 1500 qdisc pfifo_fast qlen 1000
Jun  3 15:57:52 netcfg[3585]: DEBUG: ip line:     link/ether 52:54:00:12:34:56 brd ff:ff:ff:ff:ff:ff
Jun  3 15:57:53 netcfg[3585]: DEBUG: nc_v6_interface_configured(ens3, scope local)
Jun  3 15:57:53 netcfg[3585]: DEBUG: Running ip addr show ens3 to look for address
Jun  3 15:57:53 netcfg[3585]: DEBUG: ip line: 2: ens3: <BROADCAST,MULTICAST,UP,LOWER_UP> mtu 1500 qdisc pfifo_fast qlen 1000
Jun  3 15:57:53 netcfg[3585]: DEBUG: ip line:     link/ether 52:54:00:12:34:56 brd ff:ff:ff:ff:ff:ff
Jun  3 15:57:53 netcfg[3585]: DEBUG: nc_v6_interface_configured(ens3, scope local)
Jun  3 15:57:53 netcfg[3585]: DEBUG: Running ip addr show ens3 to look for address
Jun  3 15:57:53 netcfg[3585]: DEBUG: ip line: 2: ens3: <BROADCAST,MULTICAST,UP,LOWER_UP> mtu 1500 qdisc pfifo_fast qlen 1000
Jun  3 15:57:53 netcfg[3585]: DEBUG: ip line:     link/ether 52:54:00:12:34:56 brd ff:ff:ff:ff:ff:ff
Jun  3 15:57:53 netcfg[3585]: DEBUG: nc_v6_interface_configured(ens3, scope local)
Jun  3 15:57:53 netcfg[3585]: DEBUG: Running ip addr show ens3 to look for address
Jun  3 15:57:53 netcfg[3585]: DEBUG: ip line: 2: ens3: <BROADCAST,MULTICAST,UP,LOWER_UP> mtu 1500 qdisc pfifo_fast qlen 1000
Jun  3 15:57:53 netcfg[3585]: DEBUG: ip line:     link/ether 52:54:00:12:34:56 brd ff:ff:ff:ff:ff:ff
Jun  3 15:57:53 netcfg[3585]: DEBUG: nc_v6_interface_configured(ens3, scope local)
Jun  3 15:57:53 netcfg[3585]: DEBUG: Running ip addr show ens3 to look for address
Jun  3 15:57:53 netcfg[3585]: DEBUG: ip line: 2: ens3: <BROADCAST,MULTICAST,UP,LOWER_UP> mtu 1500 qdisc pfifo_fast qlen 1000
Jun  3 15:57:53 netcfg[3585]: DEBUG: ip line:     link/ether 52:54:00:12:34:56 brd ff:ff:ff:ff:ff:ff
Jun  3 15:57:54 netcfg[3585]: DEBUG: nc_v6_interface_configured(ens3, scope local)
Jun  3 15:57:54 netcfg[3585]: DEBUG: Running ip addr show ens3 to look for address
Jun  3 15:57:54 netcfg[3585]: DEBUG: ip line: 2: ens3: <BROADCAST,MULTICAST,UP,LOWER_UP> mtu 1500 qdisc pfifo_fast qlen 1000
Jun  3 15:57:54 netcfg[3585]: DEBUG: ip line:     link/ether 52:54:00:12:34:56 brd ff:ff:ff:ff:ff:ff
Jun  3 15:57:54 netcfg[3585]: DEBUG: nc_v6_interface_configured(ens3, scope local)
Jun  3 15:57:54 netcfg[3585]: DEBUG: Running ip addr show ens3 to look for address
Jun  3 15:57:54 netcfg[3585]: DEBUG: ip line: 2: ens3: <BROADCAST,MULTICAST,UP,LOWER_UP> mtu 1500 qdisc pfifo_fast qlen 1000
Jun  3 15:57:54 netcfg[3585]: DEBUG: ip line:     link/ether 52:54:00:12:34:56 brd ff:ff:ff:ff:ff:ff
Jun  3 15:57:54 netcfg[3585]: DEBUG: nc_v6_interface_configured(ens3, scope local)
Jun  3 15:57:54 netcfg[3585]: DEBUG: Running ip addr show ens3 to look for address
Jun  3 15:57:54 netcfg[3585]: DEBUG: ip line: 2: ens3: <BROADCAST,MULTICAST,UP,LOWER_UP> mtu 1500 qdisc pfifo_fast qlen 1000
Jun  3 15:57:54 netcfg[3585]: DEBUG: ip line:     link/ether 52:54:00:12:34:56 brd ff:ff:ff:ff:ff:ff
Jun  3 15:57:54 netcfg[3585]: DEBUG: nc_v6_interface_configured(ens3, scope local)
Jun  3 15:57:54 netcfg[3585]: DEBUG: Running ip addr show ens3 to look for address
Jun  3 15:57:54 netcfg[3585]: DEBUG: ip line: 2: ens3: <BROADCAST,MULTICAST,UP,LOWER_UP> mtu 1500 qdisc pfifo_fast qlen 1000
Jun  3 15:57:54 netcfg[3585]: DEBUG: ip line:     link/ether 52:54:00:12:34:56 brd ff:ff:ff:ff:ff:ff
Jun  3 15:57:54 netcfg[3585]: INFO: No IPv6 support found... how does that happen?
Jun  3 15:57:54 netcfg[3585]: DEBUG: Stopping rdnssd, PID 3595
Jun  3 15:57:54 netcfg[3585]: DEBUG: No RA received; attempting IPv4 autoconfig
Jun  3 15:57:54 netcfg[3585]: WARNING **: Started DHCP client; PID is 3609
Jun  3 15:57:54 udhcpc: Got IP 10.0.2.15 (using ens3) and routing through 10.0.2.2
Jun  3 15:57:58 netcfg[3585]: DEBUG: Reading domain name returned via DHCP
Jun  3 15:57:58 netcfg[3585]: DEBUG: Reading nameservers from /etc/resolv.conf
Jun  3 15:57:58 netcfg[3585]: DEBUG: Read nameserver 10.0.2.3
Jun  3 15:57:58 netcfg[3585]: DEBUG: State is now 1
Jun  3 15:57:58 netcfg[3585]: DEBUG: State is now 2
Jun  3 15:57:58 netcfg[3585]: DEBUG: State is now 5
Jun  3 15:57:58 netcfg[3585]: DEBUG: Using DNS to try and obtain default hostname
Jun  3 15:57:58 netcfg[3585]: DEBUG: Getting default hostname from rDNS lookup of autoconfigured address 10.0.2.15
Jun  3 15:57:58 netcfg[3585]: DEBUG: getnameinfo() returned -2 (Name or service not known)
Jun  3 15:57:58 netcfg[3585]: DEBUG: State is now 6
Jun  3 15:57:58 netcfg[3585]: DEBUG: Network config complete
Jun  3 15:57:58 netcfg[3585]: DEBUG: No interface given; clearing /etc/network/interfaces
Jun  3 15:57:58 netcfg[3585]: DEBUG: Writing informative header
Jun  3 15:57:58 netcfg[3585]: DEBUG: Success!
Jun  3 15:57:58 netcfg[3585]: DEBUG: Writing loopback interface
Jun  3 15:57:58 netcfg[3585]: DEBUG: Success!
Jun  3 15:57:58 netcfg[3585]: DEBUG: Writing DHCP stanza for ens3
Jun  3 15:57:58 netcfg[3585]: INFO: Detected ens3 as a hotpluggable device
Jun  3 15:57:58 netcfg[3585]: DEBUG: Success!
Jun  3 15:57:59 main-menu[291]: (process:3584): udhcpc: started, v1.30.1
Jun  3 15:57:59 main-menu[291]: (process:3584): udhcpc: sending discover
Jun  3 15:57:59 main-menu[291]: (process:3584): udhcpc: sending select for 10.0.2.15
Jun  3 15:57:59 main-menu[291]: (process:3584): udhcpc: lease of 10.0.2.15 obtained, lease time 86400
Jun  3 15:57:59 main-menu[291]: DEBUG: resolver (libgcc1): package doesn't exist (ignored)
Jun  3 15:57:59 main-menu[291]: INFO: Falling back to the package description for brltty-udeb
Jun  3 15:57:59 main-menu[291]: INFO: Falling back to the package description for brltty-udeb
Jun  3 15:57:59 main-menu[291]: INFO: Menu item 'network-preseed' selected
Jun  3 15:58:00 preseed: successfully loaded preseed file from http://10.0.2.2:8081/preseed_qemu.txt
Jun  3 15:58:00 main-menu[291]: (process:3654): 2021-06-03 15:57:59 URL:http://10.0.2.2:8081/preseed_qemu.txt [3835/3835] -> "/tmp/_fetch-url_debconf-seed.3669" [1]
Jun  3 15:58:00 main-menu[291]: DEBUG: resolver (libgcc1): package doesn't exist (ignored)
Jun  3 15:58:00 main-menu[291]: INFO: Falling back to the package description for brltty-udeb
Jun  3 15:58:00 main-menu[291]: INFO: Falling back to the package description for brltty-udeb
Jun  3 15:58:00 main-menu[291]: INFO: Menu item 'user-setup-udeb' selected
Jun  3 15:58:00 main-menu[291]: DEBUG: resolver (libgcc1): package doesn't exist (ignored)
Jun  3 15:58:00 main-menu[291]: INFO: Falling back to the package description for brltty-udeb
Jun  3 15:58:00 main-menu[291]: INFO: Falling back to the package description for brltty-udeb
Jun  3 15:58:00 main-menu[291]: INFO: Menu item 'clock-setup' selected
Jun  3 15:58:00 clock-setup: rdate called using NTP server time.constant.com.
Jun  3 15:58:00 clock-setup: Thu Jun  3 15:58:00 UTC 2021
Jun  3 15:58:00 clock-setup: rdate: adjust local clock by 0.113502 seconds
Jun  3 15:58:01 main-menu[291]: DEBUG: resolver (libgcc1): package doesn't exist (ignored)
Jun  3 15:58:01 main-menu[291]: INFO: Falling back to the package description for brltty-udeb
Jun  3 15:58:01 main-menu[291]: INFO: Falling back to the package description for brltty-udeb
Jun  3 15:58:01 main-menu[291]: INFO: Menu item 'disk-detect' selected
Jun  3 15:58:01 net/hw-detect.hotplug: Detected hotpluggable network interface ens3
Jun  3 15:58:01 net/hw-detect.hotplug: Detected hotpluggable network interface lo
Jun  3 15:58:02 check-missing-firmware: looking at dmesg again, restarting from 
Jun  3 15:58:02 check-missing-firmware: timestamp found, truncating dmesg accordingly
Jun  3 15:58:02 check-missing-firmware: saving timestamp for a later use: [   15.632268]
Jun  3 15:58:02 check-missing-firmware: /dev/.udev/firmware-missing does not exist, skipping
Jun  3 15:58:02 check-missing-firmware: /run/udev/firmware-missing does not exist, skipping
Jun  3 15:58:02 check-missing-firmware: no missing firmware in loaded kernel modules
Jun  3 15:58:03 check-missing-firmware: looking at dmesg again, restarting from \[   15.632268\]
Jun  3 15:58:03 check-missing-firmware: timestamp found, truncating dmesg accordingly
Jun  3 15:58:03 check-missing-firmware: saving timestamp for a later use: 
Jun  3 15:58:03 check-missing-firmware: /dev/.udev/firmware-missing does not exist, skipping
Jun  3 15:58:03 check-missing-firmware: /run/udev/firmware-missing does not exist, skipping
Jun  3 15:58:03 check-missing-firmware: no missing firmware in loaded kernel modules
Jun  3 15:58:03 main-menu[291]: DEBUG: resolver (libgcc1): package doesn't exist (ignored)
Jun  3 15:58:04 main-menu[291]: INFO: Falling back to the package description for brltty-udeb
Jun  3 15:58:04 main-menu[291]: INFO: Falling back to the package description for brltty-udeb
Jun  3 15:58:04 main-menu[291]: INFO: Menu item 'partman-base' selected
Jun  3 15:58:04 anna-install: Installing partman-auto-lvm
Jun  3 15:58:04 anna[5811]: DEBUG: resolver (cdebconf-udeb): package doesn't exist (ignored)
Jun  3 15:58:04 anna[5811]: DEBUG: resolver (di-utils): package doesn't exist (ignored)
Jun  3 15:58:04 anna[5811]: DEBUG: resolver (kernel-image-4.19.0-8-amd64-di): package doesn't exist (ignored)
Jun  3 15:58:04 anna[5811]: DEBUG: resolver (fat-modules): package doesn't exist (ignored)
Jun  3 15:58:04 anna[5811]: DEBUG: resolver (libdebian-installer4-udeb): package doesn't exist (ignored)
Jun  3 15:58:04 anna[5811]: DEBUG: resolver (archdetect): package doesn't exist (ignored)
Jun  3 15:58:04 anna[5811]: DEBUG: resolver (hw-detect): package doesn't exist (ignored)
Jun  3 15:58:04 anna[5811]: DEBUG: retrieving libaio1-udeb 0.3.112-3
Jun  3 15:58:04 anna[5811]: DEBUG: retrieving lvm2-udeb 2.03.02-3
Jun  3 15:58:04 anna[5811]: DEBUG: retrieving partman-auto-lvm 76
Jun  3 15:58:04 anna[5811]: DEBUG: retrieving partman-lvm 130
Jun  3 15:58:04 anna-install: Installing partman-auto-crypto
Jun  3 15:58:04 anna[5905]: DEBUG: resolver (cdebconf-udeb): package doesn't exist (ignored)
Jun  3 15:58:04 anna[5905]: DEBUG: resolver (di-utils): package doesn't exist (ignored)
Jun  3 15:58:04 anna[5905]: DEBUG: resolver (kernel-image-4.19.0-8-amd64-di): package doesn't exist (ignored)
Jun  3 15:58:04 anna[5905]: DEBUG: resolver (fat-modules): package doesn't exist (ignored)
Jun  3 15:58:04 anna[5905]: DEBUG: resolver (libdebian-installer4-udeb): package doesn't exist (ignored)
Jun  3 15:58:04 anna[5905]: DEBUG: resolver (archdetect): package doesn't exist (ignored)
Jun  3 15:58:04 anna[5905]: DEBUG: resolver (hw-detect): package doesn't exist (ignored)
Jun  3 15:58:04 anna[5905]: DEBUG: retrieving partman-auto-crypto 30
Jun  3 15:58:05 anna[5905]: DEBUG: retrieving partman-crypto 103
Jun  3 15:58:05 preseed: running preseed command partman/early_command: sed -i 's/inode_ratio = 16384/inode_ratio = 4096/g' /etc/mke2fs.conf
Jun  3 15:58:06 kernel: [   32.491126] raid6: sse2x1   gen() 10967 MB/s
Jun  3 15:58:06 kernel: [   32.559081] raid6: sse2x1   xor()  7789 MB/s
Jun  3 15:58:06 kernel: [   32.627079] raid6: sse2x2   gen() 13511 MB/s
Jun  3 15:58:06 kernel: [   32.695078] raid6: sse2x2   xor()  9105 MB/s
Jun  3 15:58:06 kernel: [   32.763077] raid6: sse2x4   gen() 16141 MB/s
Jun  3 15:58:06 kernel: [   32.831076] raid6: sse2x4   xor() 10769 MB/s
Jun  3 15:58:06 kernel: [   32.831077] raid6: using algorithm sse2x4 gen() 16141 MB/s
Jun  3 15:58:06 kernel: [   32.831077] raid6: .... xor() 10769 MB/s, rmw enabled
Jun  3 15:58:06 kernel: [   32.831078] raid6: using intx1 recovery algorithm
Jun  3 15:58:06 kernel: [   32.838509] xor: measuring software checksum speed
Jun  3 15:58:06 kernel: [   32.875073]    prefetch64-sse: 19420.000 MB/sec
Jun  3 15:58:06 kernel: [   32.915072]    generic_sse: 17889.000 MB/sec
Jun  3 15:58:06 kernel: [   32.915073] xor: using function: prefetch64-sse (19420.000 MB/sec)
Jun  3 15:58:06 kernel: [   32.961691] Btrfs loaded, crc32c=crc32c-generic
Jun  3 15:58:06 kernel: [   32.982498] JFS: nTxBlock = 8192, nTxLock = 65536
Jun  3 15:58:06 kernel: [   33.040297] SGI XFS with ACLs, security attributes, realtime, no debug enabled
Jun  3 15:58:06 md-devices: mdadm: No arrays found in config file or automatically
Jun  3 15:58:06 kernel: [   33.404026] device-mapper: uevent: version 1.0.3
Jun  3 15:58:06 kernel: [   33.404116] device-mapper: ioctl: 4.39.0-ioctl (2018-04-03) initialised: dm-devel@redhat.com
Jun  3 15:58:06 partman:   No matching physical volumes found
Jun  3 15:58:07 partman:   Reading all physical volumes.  This may take a while...
Jun  3 15:58:08 net/hw-detect.hotplug: Detected hotpluggable network interface ens3
Jun  3 15:58:08 net/hw-detect.hotplug: Detected hotpluggable network interface lo
Jun  3 15:58:08 partman: mke2fs 1.44.5 (15-Dec-2018)
Jun  3 15:58:08 kernel: [   34.996154] EXT4-fs (vda1): mounted filesystem with ordered data mode. Opts: errors=remount-ro
Jun  3 15:58:08 apt-install: Queueing package e2fsprogs for later installation
Jun  3 15:58:08 main-menu[291]: (process:5797): File descriptor 3 (pipe:[15506]) leaked on pvs invocation.
Jun  3 15:58:08 main-menu[291]: (process:5797):  Parent PID 7180: /bin/sh
Jun  3 15:58:08 main-menu[291]: (process:5797): File descriptor 4 (/dev/tty0) leaked on pvs invocation.
Jun  3 15:58:08 main-menu[291]: (process:5797):  Parent PID 7180: /bin/sh
Jun  3 15:58:08 main-menu[291]: (process:5797): File descriptor 5 (/dev/tty0) leaked on pvs invocation.
Jun  3 15:58:08 main-menu[291]: (process:5797):  Parent PID 7180: /bin/sh
Jun  3 15:58:08 main-menu[291]: (process:5797): File descriptor 3 (pipe:[15506]) leaked on pvs invocation. Parent PID 7219: /bin/sh
Jun  3 15:58:08 main-menu[291]: (process:5797): File descriptor 4 (/dev/tty0) leaked on pvs invocation. Parent PID 7219: /bin/sh
Jun  3 15:58:08 main-menu[291]: (process:5797): File descriptor 5 (/dev/tty0) leaked on pvs invocation. Parent PID 7219: /bin/sh
Jun  3 15:58:09 main-menu[291]: DEBUG: resolver (libgcc1): package doesn't exist (ignored)
Jun  3 15:58:09 main-menu[291]: INFO: Falling back to the package description for brltty-udeb
Jun  3 15:58:09 main-menu[291]: INFO: Falling back to the package description for brltty-udeb
Jun  3 15:58:09 main-menu[291]: INFO: Menu item 'bootstrap-base' selected
Jun  3 15:58:09 debootstrap: /usr/sbin/debootstrap --components=main --debian-installer --resolve-deps --no-check-gpg buster /target file:///cdrom/
Jun  3 15:58:15 debootstrap: dpkg: warning: parsing file '/var/lib/dpkg/status' near line 5 package 'dpkg':
Jun  3 15:58:15 debootstrap:  missing 'Description' field
Jun  3 15:58:15 debootstrap: dpkg: warning: parsing file '/var/lib/dpkg/status' near line 5 package 'dpkg':
Jun  3 15:58:15 debootstrap:  missing 'Architecture' field
Jun  3 15:58:15 debootstrap: Selecting previously unselected package base-passwd.
Jun  3 15:58:15 debootstrap: (Reading database ... 0 files and directories currently installed.)
Jun  3 15:58:15 debootstrap: Preparing to unpack .../base-passwd_3.5.46_amd64.deb ...
Jun  3 15:58:15 debootstrap: Unpacking base-passwd (3.5.46) ...
Jun  3 15:58:15 debootstrap: Setting up base-passwd (3.5.46) ...
Jun  3 15:58:15 debootstrap: dpkg: base-passwd: dependency problems, but configuring anyway as you requested:
Jun  3 15:58:15 debootstrap:  base-passwd depends on libc6 (>= 2.8); however:
Jun  3 15:58:15 debootstrap:   Package libc6 is not installed.
Jun  3 15:58:15 debootstrap:  base-passwd depends on libdebconfclient0 (>= 0.145); however:
Jun  3 15:58:15 debootstrap:   Package libdebconfclient0 is not installed.
Jun  3 15:58:15 debootstrap: 
Jun  3 15:58:16 debootstrap: dpkg: warning: parsing file '/var/lib/dpkg/status' near line 24 package 'dpkg':
Jun  3 15:58:16 debootstrap:  missing 'Description' field
Jun  3 15:58:16 debootstrap: dpkg: warning: parsing file '/var/lib/dpkg/status' near line 24 package 'dpkg':
Jun  3 15:58:16 debootstrap:  missing 'Architecture' field
Jun  3 15:58:16 debootstrap: Selecting previously unselected package base-files.
Jun  3 15:58:16 debootstrap: dpkg: regarding .../base-files_10.3+deb10u3_amd64.deb containing base-files, pre-dependency problem:
Jun  3 15:58:16 debootstrap:  base-files pre-depends on awk
Jun  3 15:58:16 debootstrap:   awk is not installed.
Jun  3 15:58:16 debootstrap: 
Jun  3 15:58:16 debootstrap: dpkg: warning: ignoring pre-dependency problem!
Jun  3 15:58:16 debootstrap: (Reading database ... 41 files and directories currently installed.)
Jun  3 15:58:16 debootstrap: Preparing to unpack .../base-files_10.3+deb10u3_amd64.deb ...
Jun  3 15:58:16 debootstrap: Unpacking base-files (10.3+deb10u3) ...
Jun  3 15:58:16 debootstrap: Setting up base-files (10.3+deb10u3) ...
Jun  3 15:58:16 debootstrap: dpkg: base-files: dependency problems, but configuring anyway as you requested:
Jun  3 15:58:16 debootstrap:  base-files depends on awk; however:
Jun  3 15:58:16 debootstrap:   Package awk is not installed.
Jun  3 15:58:16 debootstrap: 
Jun  3 15:58:17 debootstrap: dpkg: warning: parsing file '/var/lib/dpkg/status' near line 51 package 'dpkg':
Jun  3 15:58:17 debootstrap:  missing 'Description' field
Jun  3 15:58:17 debootstrap: dpkg: warning: parsing file '/var/lib/dpkg/status' near line 51 package 'dpkg':
Jun  3 15:58:17 debootstrap:  missing 'Architecture' field
Jun  3 15:58:17 debootstrap: dpkg: regarding .../archives/dpkg_1.19.7_amd64.deb containing dpkg, pre-dependency problem:
Jun  3 15:58:17 debootstrap:  dpkg pre-depends on libbz2-1.0
Jun  3 15:58:17 debootstrap:   libbz2-1.0 is not installed.
Jun  3 15:58:17 debootstrap: 
Jun  3 15:58:17 debootstrap: dpkg: warning: ignoring pre-dependency problem!
Jun  3 15:58:17 debootstrap: dpkg: regarding .../archives/dpkg_1.19.7_amd64.deb containing dpkg, pre-dependency problem:
Jun  3 15:58:17 debootstrap:  dpkg pre-depends on libc6 (>= 2.15)
Jun  3 15:58:17 debootstrap:   libc6 is not installed.
Jun  3 15:58:17 debootstrap: 
Jun  3 15:58:17 debootstrap: dpkg: warning: ignoring pre-dependency problem!
Jun  3 15:58:17 debootstrap: dpkg: regarding .../archives/dpkg_1.19.7_amd64.deb containing dpkg, pre-dependency problem:
Jun  3 15:58:17 debootstrap:  dpkg pre-depends on liblzma5 (>= 5.2.2)
Jun  3 15:58:17 debootstrap:   liblzma5 is not installed.
Jun  3 15:58:17 debootstrap: 
Jun  3 15:58:17 debootstrap: dpkg: warning: ignoring pre-dependency problem!
Jun  3 15:58:17 debootstrap: dpkg: regarding .../archives/dpkg_1.19.7_amd64.deb containing dpkg, pre-dependency problem:
Jun  3 15:58:17 debootstrap:  dpkg pre-depends on libselinux1 (>= 2.3)
Jun  3 15:58:17 debootstrap:   libselinux1 is not installed.
Jun  3 15:58:17 debootstrap: 
Jun  3 15:58:17 debootstrap: dpkg: warning: ignoring pre-dependency problem!
Jun  3 15:58:17 debootstrap: dpkg: regarding .../archives/dpkg_1.19.7_amd64.deb containing dpkg, pre-dependency problem:
Jun  3 15:58:17 debootstrap:  dpkg pre-depends on zlib1g (>= 1:1.1.4)
Jun  3 15:58:17 debootstrap:   zlib1g is not installed.
Jun  3 15:58:17 debootstrap: 
Jun  3 15:58:17 debootstrap: dpkg: warning: ignoring pre-dependency problem!
Jun  3 15:58:17 debootstrap: (Reading database ... 121 files and directories currently installed.)
Jun  3 15:58:17 debootstrap: Preparing to unpack .../archives/dpkg_1.19.7_amd64.deb ...
Jun  3 15:58:17 debootstrap: Unpacking dpkg (1.19.7) over (1.19.7) ...
Jun  3 15:58:18 debootstrap: Setting up dpkg (1.19.7) ...
Jun  3 15:58:18 debootstrap: dpkg: dpkg: dependency problems, but configuring anyway as you requested:
Jun  3 15:58:18 debootstrap:  dpkg depends on libbz2-1.0; however:
Jun  3 15:58:18 debootstrap:   Package libbz2-1.0 is not installed.
Jun  3 15:58:18 debootstrap:  dpkg depends on libc6 (>= 2.15); however:
Jun  3 15:58:18 debootstrap:   Package libc6 is not installed.
Jun  3 15:58:18 debootstrap:  dpkg depends on liblzma5 (>= 5.2.2); however:
Jun  3 15:58:18 debootstrap:   Package liblzma5 is not installed.
Jun  3 15:58:18 debootstrap:  dpkg depends on libselinux1 (>= 2.3); however:
Jun  3 15:58:18 debootstrap:   Package libselinux1 is not installed.
Jun  3 15:58:18 debootstrap:  dpkg depends on zlib1g (>= 1:1.1.4); however:
Jun  3 15:58:18 debootstrap:   Package zlib1g is not installed.
Jun  3 15:58:18 debootstrap:  dpkg depends on tar (>= 1.28-1); however:
Jun  3 15:58:18 debootstrap:   Package tar is not installed.
Jun  3 15:58:18 debootstrap: 
Jun  3 15:58:19 debootstrap: Selecting previously unselected package libc6:amd64.
Jun  3 15:58:19 debootstrap: (Reading database ... 364 files and directories currently installed.)
Jun  3 15:58:19 debootstrap: Preparing to unpack .../libc6_2.28-10_amd64.deb ...
Jun  3 15:58:19 debootstrap: Unpacking libc6:amd64 (2.28-10) ...
Jun  3 15:58:20 debootstrap: Setting up libc6:amd64 (2.28-10) ...
Jun  3 15:58:20 debootstrap: dpkg: libc6:amd64: dependency problems, but configuring anyway as you requested:
Jun  3 15:58:20 debootstrap:  libc6:amd64 depends on libgcc1; however:
Jun  3 15:58:20 debootstrap:   Package libgcc1 is not installed.
Jun  3 15:58:20 debootstrap: 
Jun  3 15:58:20 debootstrap: Selecting previously unselected package perl-base.
Jun  3 15:58:20 debootstrap: (Reading database ... 680 files and directories currently installed.)
Jun  3 15:58:20 debootstrap: Preparing to unpack .../perl-base_5.28.1-6_amd64.deb ...
Jun  3 15:58:20 debootstrap: Unpacking perl-base (5.28.1-6) ...
Jun  3 15:58:21 debootstrap: Setting up perl-base (5.28.1-6) ...
Jun  3 15:58:21 debootstrap: Selecting previously unselected package mawk.
Jun  3 15:58:21 debootstrap: (Reading database ... 1340 files and directories currently installed.)
Jun  3 15:58:21 debootstrap: Preparing to unpack .../mawk_1.3.3-17+b3_amd64.deb ...
Jun  3 15:58:21 debootstrap: Unpacking mawk (1.3.3-17+b3) ...
Jun  3 15:58:22 debootstrap: Setting up mawk (1.3.3-17+b3) ...
Jun  3 15:58:22 debootstrap: Selecting previously unselected package debconf.
Jun  3 15:58:22 debootstrap: (Reading database ... 1360 files and directories currently installed.)
Jun  3 15:58:22 debootstrap: Preparing to unpack .../debconf_1.5.71_all.deb ...
Jun  3 15:58:23 debootstrap: Unpacking debconf (1.5.71) ...
Jun  3 15:58:23 debootstrap: Setting up debconf (1.5.71) ...
Jun  3 15:58:24 debootstrap: Selecting previously unselected package gcc-8-base:amd64.
Jun  3 15:58:24 debootstrap: (Reading database ... 1521 files and directories currently installed.)
Jun  3 15:58:24 debootstrap: Preparing to unpack .../gcc-8-base_8.3.0-6_amd64.deb ...
Jun  3 15:58:24 debootstrap: Unpacking gcc-8-base:amd64 (8.3.0-6) ...
Jun  3 15:58:24 debootstrap: Selecting previously unselected package libgcc1:amd64.
Jun  3 15:58:24 debootstrap: Preparing to unpack .../libgcc1_1%3a8.3.0-6_amd64.deb ...
Jun  3 15:58:24 debootstrap: Unpacking libgcc1:amd64 (1:8.3.0-6) ...
Jun  3 15:58:25 debootstrap: Preparing to unpack .../libc6_2.28-10_amd64.deb ...
Jun  3 15:58:25 debootstrap: Unpacking libc6:amd64 (2.28-10) over (2.28-10) ...
Jun  3 15:58:26 debootstrap: Selecting previously unselected package libidn2-0:amd64.
Jun  3 15:58:26 debootstrap: Preparing to unpack .../libidn2-0_2.0.5-1+deb10u1_amd64.deb ...
Jun  3 15:58:26 debootstrap: Unpacking libidn2-0:amd64 (2.0.5-1+deb10u1) ...
Jun  3 15:58:27 debootstrap: Selecting previously unselected package libaudit-common.
Jun  3 15:58:27 debootstrap: Preparing to unpack .../libaudit-common_1%3a2.8.4-3_all.deb ...
Jun  3 15:58:27 debootstrap: Unpacking libaudit-common (1:2.8.4-3) ...
Jun  3 15:58:27 debootstrap: Selecting previously unselected package libcap-ng0:amd64.
Jun  3 15:58:27 debootstrap: Preparing to unpack .../libcap-ng0_0.7.9-2_amd64.deb ...
Jun  3 15:58:27 debootstrap: Unpacking libcap-ng0:amd64 (0.7.9-2) ...
Jun  3 15:58:28 debootstrap: Selecting previously unselected package libaudit1:amd64.
Jun  3 15:58:28 debootstrap: Preparing to unpack .../libaudit1_1%3a2.8.4-3_amd64.deb ...
Jun  3 15:58:28 debootstrap: Unpacking libaudit1:amd64 (1:2.8.4-3) ...
Jun  3 15:58:28 debootstrap: Selecting previously unselected package libbz2-1.0:amd64.
Jun  3 15:58:28 debootstrap: Preparing to unpack .../libbz2-1.0_1.0.6-9.2~deb10u1_amd64.deb ...
Jun  3 15:58:28 debootstrap: Unpacking libbz2-1.0:amd64 (1.0.6-9.2~deb10u1) ...
Jun  3 15:58:29 debootstrap: Selecting previously unselected package liblzma5:amd64.
Jun  3 15:58:29 debootstrap: Preparing to unpack .../liblzma5_5.2.4-1_amd64.deb ...
Jun  3 15:58:29 debootstrap: Unpacking liblzma5:amd64 (5.2.4-1) ...
Jun  3 15:58:29 debootstrap: Selecting previously unselected package libpcre3:amd64.
Jun  3 15:58:29 debootstrap: Preparing to unpack .../libpcre3_2%3a8.39-12_amd64.deb ...
Jun  3 15:58:29 debootstrap: Unpacking libpcre3:amd64 (2:8.39-12) ...
Jun  3 15:58:30 debootstrap: Selecting previously unselected package libattr1:amd64.
Jun  3 15:58:30 debootstrap: Preparing to unpack .../libattr1_1%3a2.4.48-4_amd64.deb ...
Jun  3 15:58:30 debootstrap: Unpacking libattr1:amd64 (1:2.4.48-4) ...
Jun  3 15:58:31 debootstrap: Selecting previously unselected package libacl1:amd64.
Jun  3 15:58:31 debootstrap: Preparing to unpack .../libacl1_2.2.53-4_amd64.deb ...
Jun  3 15:58:31 debootstrap: Unpacking libacl1:amd64 (2.2.53-4) ...
Jun  3 15:58:31 debootstrap: dpkg: regarding .../archives/dpkg_1.19.7_amd64.deb containing dpkg, pre-dependency problem:
Jun  3 15:58:31 debootstrap:  dpkg pre-depends on libbz2-1.0
Jun  3 15:58:31 debootstrap:   libbz2-1.0:amd64 is unpacked, but has never been configured.
Jun  3 15:58:31 debootstrap: 
Jun  3 15:58:31 debootstrap: dpkg: warning: ignoring pre-dependency problem!
Jun  3 15:58:31 debootstrap: dpkg: regarding .../archives/dpkg_1.19.7_amd64.deb containing dpkg, pre-dependency problem:
Jun  3 15:58:31 debootstrap:  dpkg pre-depends on liblzma5 (>= 5.2.2)
Jun  3 15:58:31 debootstrap:   liblzma5:amd64 is unpacked, but has never been configured.
Jun  3 15:58:31 debootstrap: 
Jun  3 15:58:31 debootstrap: dpkg: warning: ignoring pre-dependency problem!
Jun  3 15:58:31 debootstrap: dpkg: regarding .../archives/dpkg_1.19.7_amd64.deb containing dpkg, pre-dependency problem:
Jun  3 15:58:31 debootstrap:  dpkg pre-depends on libselinux1 (>= 2.3)
Jun  3 15:58:31 debootstrap:   libselinux1 is not installed.
Jun  3 15:58:31 debootstrap: 
Jun  3 15:58:31 debootstrap: dpkg: warning: ignoring pre-dependency problem!
Jun  3 15:58:31 debootstrap: dpkg: regarding .../archives/dpkg_1.19.7_amd64.deb containing dpkg, pre-dependency problem:
Jun  3 15:58:31 debootstrap:  dpkg pre-depends on zlib1g (>= 1:1.1.4)
Jun  3 15:58:31 debootstrap:   zlib1g is not installed.
Jun  3 15:58:31 debootstrap: 
Jun  3 15:58:31 debootstrap: dpkg: warning: ignoring pre-dependency problem!
Jun  3 15:58:31 debootstrap: Preparing to unpack .../archives/dpkg_1.19.7_amd64.deb ...
Jun  3 15:58:31 debootstrap: Unpacking dpkg (1.19.7) over (1.19.7) ...
Jun  3 15:58:32 debootstrap: Preparing to unpack .../debconf_1.5.71_all.deb ...
Jun  3 15:58:32 debootstrap: Unpacking debconf (1.5.71) over (1.5.71) ...
Jun  3 15:58:33 debootstrap: Selecting previously unselected package libpam0g:amd64.
Jun  3 15:58:33 debootstrap: Preparing to unpack .../libpam0g_1.3.1-5_amd64.deb ...
Jun  3 15:58:33 debootstrap: Unpacking libpam0g:amd64 (1.3.1-5) ...
Jun  3 15:58:33 debootstrap: Selecting previously unselected package libdb5.3:amd64.
Jun  3 15:58:33 debootstrap: Preparing to unpack .../libdb5.3_5.3.28+dfsg1-0.5_amd64.deb ...
Jun  3 15:58:33 debootstrap: Unpacking libdb5.3:amd64 (5.3.28+dfsg1-0.5) ...
Jun  3 15:58:34 debootstrap: Selecting previously unselected package libpam-modules-bin.
Jun  3 15:58:34 debootstrap: Preparing to unpack .../libpam-modules-bin_1.3.1-5_amd64.deb ...
Jun  3 15:58:34 debootstrap: Unpacking libpam-modules-bin (1.3.1-5) ...
Jun  3 15:58:34 debootstrap: Selecting previously unselected package libpam-modules:amd64.
Jun  3 15:58:34 debootstrap: dpkg: regarding .../libpam-modules_1.3.1-5_amd64.deb containing libpam-modules:amd64, pre-dependency problem:
Jun  3 15:58:34 debootstrap:  libpam-modules pre-depends on libaudit1 (>= 1:2.2.1)
Jun  3 15:58:34 debootstrap:   libaudit1:amd64 is unpacked, but has never been configured.
Jun  3 15:58:34 debootstrap: 
Jun  3 15:58:34 debootstrap: dpkg: warning: ignoring pre-dependency problem!
Jun  3 15:58:34 debootstrap: dpkg: regarding .../libpam-modules_1.3.1-5_amd64.deb containing libpam-modules:amd64, pre-dependency problem:
Jun  3 15:58:34 debootstrap:  libpam-modules pre-depends on libdb5.3
Jun  3 15:58:34 debootstrap:   libdb5.3:amd64 is unpacked, but has never been configured.
Jun  3 15:58:34 debootstrap: 
Jun  3 15:58:34 debootstrap: dpkg: warning: ignoring pre-dependency problem!
Jun  3 15:58:34 debootstrap: dpkg: regarding .../libpam-modules_1.3.1-5_amd64.deb containing libpam-modules:amd64, pre-dependency problem:
Jun  3 15:58:34 debootstrap:  libpam-modules pre-depends on libpam0g (>= 1.3.1)
Jun  3 15:58:34 debootstrap:   libpam0g:amd64 is unpacked, but has never been configured.
Jun  3 15:58:34 debootstrap: 
Jun  3 15:58:34 debootstrap: dpkg: warning: ignoring pre-dependency problem!
Jun  3 15:58:34 debootstrap: dpkg: regarding .../libpam-modules_1.3.1-5_amd64.deb containing libpam-modules:amd64, pre-dependency problem:
Jun  3 15:58:34 debootstrap:  libpam-modules pre-depends on libselinux1 (>= 2.1.9)
Jun  3 15:58:34 debootstrap:   libselinux1 is not installed.
Jun  3 15:58:34 debootstrap: 
Jun  3 15:58:34 debootstrap: dpkg: warning: ignoring pre-dependency problem!
Jun  3 15:58:34 debootstrap: dpkg: regarding .../libpam-modules_1.3.1-5_amd64.deb containing libpam-modules:amd64, pre-dependency problem:
Jun  3 15:58:34 debootstrap:  libpam-modules pre-depends on libpam-modules-bin (= 1.3.1-5)
Jun  3 15:58:34 debootstrap:   libpam-modules-bin is unpacked, but has never been configured.
Jun  3 15:58:34 debootstrap: 
Jun  3 15:58:34 debootstrap: dpkg: warning: ignoring pre-dependency problem!
Jun  3 15:58:34 debootstrap: Preparing to unpack .../libpam-modules_1.3.1-5_amd64.deb ...
Jun  3 15:58:35 debootstrap: Unpacking libpam-modules:amd64 (1.3.1-5) ...
Jun  3 15:58:35 debootstrap: Selecting previously unselected package adduser.
Jun  3 15:58:35 debootstrap: Preparing to unpack .../archives/adduser_3.118_all.deb ...
Jun  3 15:58:35 debootstrap: Unpacking adduser (3.118) ...
Jun  3 15:58:36 debootstrap: Selecting previously unselected package libgpg-error0:amd64.
Jun  3 15:58:36 debootstrap: Preparing to unpack .../libgpg-error0_1.35-1_amd64.deb ...
Jun  3 15:58:36 debootstrap: Unpacking libgpg-error0:amd64 (1.35-1) ...
Jun  3 15:58:36 debootstrap: Selecting previously unselected package libgcrypt20:amd64.
Jun  3 15:58:36 debootstrap: Preparing to unpack .../libgcrypt20_1.8.4-5_amd64.deb ...
Jun  3 15:58:36 debootstrap: Unpacking libgcrypt20:amd64 (1.8.4-5) ...
Jun  3 15:58:36 debootstrap: Selecting previously unselected package gpgv.
Jun  3 15:58:36 debootstrap: Preparing to unpack .../gpgv_2.2.12-1+deb10u1_amd64.deb ...
Jun  3 15:58:37 debootstrap: Unpacking gpgv (2.2.12-1+deb10u1) ...
Jun  3 15:58:37 debootstrap: Selecting previously unselected package debian-archive-keyring.
Jun  3 15:58:37 debootstrap: Preparing to unpack .../debian-archive-keyring_2019.1_all.deb ...
Jun  3 15:58:37 debootstrap: Unpacking debian-archive-keyring (2019.1) ...
Jun  3 15:58:37 debootstrap: Selecting previously unselected package liblz4-1:amd64.
Jun  3 15:58:37 debootstrap: Preparing to unpack .../liblz4-1_1.8.3-1_amd64.deb ...
Jun  3 15:58:38 debootstrap: Unpacking liblz4-1:amd64 (1.8.3-1) ...
Jun  3 15:58:38 debootstrap: Selecting previously unselected package libapt-pkg5.0:amd64.
Jun  3 15:58:38 debootstrap: Preparing to unpack .../libapt-pkg5.0_1.8.2_amd64.deb ...
Jun  3 15:58:38 debootstrap: Unpacking libapt-pkg5.0:amd64 (1.8.2) ...
Jun  3 15:58:39 debootstrap: Selecting previously unselected package libgmp10:amd64.
Jun  3 15:58:39 debootstrap: Preparing to unpack .../libgmp10_2%3a6.1.2+dfsg-4_amd64.deb ...
Jun  3 15:58:39 debootstrap: Unpacking libgmp10:amd64 (2:6.1.2+dfsg-4) ...
Jun  3 15:58:39 debootstrap: Selecting previously unselected package libnettle6:amd64.
Jun  3 15:58:39 debootstrap: Preparing to unpack .../libnettle6_3.4.1-1_amd64.deb ...
Jun  3 15:58:39 debootstrap: Unpacking libnettle6:amd64 (3.4.1-1) ...
Jun  3 15:58:40 debootstrap: Selecting previously unselected package libhogweed4:amd64.
Jun  3 15:58:40 debootstrap: Preparing to unpack .../libhogweed4_3.4.1-1_amd64.deb ...
Jun  3 15:58:40 debootstrap: Unpacking libhogweed4:amd64 (3.4.1-1) ...
Jun  3 15:58:40 debootstrap: Selecting previously unselected package libffi6:amd64.
Jun  3 15:58:40 debootstrap: Preparing to unpack .../libffi6_3.2.1-9_amd64.deb ...
Jun  3 15:58:40 debootstrap: Unpacking libffi6:amd64 (3.2.1-9) ...
Jun  3 15:58:40 debootstrap: Selecting previously unselected package libp11-kit0:amd64.
Jun  3 15:58:40 debootstrap: Preparing to unpack .../libp11-kit0_0.23.15-2_amd64.deb ...
Jun  3 15:58:40 debootstrap: Unpacking libp11-kit0:amd64 (0.23.15-2) ...
Jun  3 15:58:41 debootstrap: Selecting previously unselected package libgnutls30:amd64.
Jun  3 15:58:41 debootstrap: Preparing to unpack .../libgnutls30_3.6.7-4+deb10u2_amd64.deb ...
Jun  3 15:58:41 debootstrap: Unpacking libgnutls30:amd64 (3.6.7-4+deb10u2) ...
Jun  3 15:58:41 debootstrap: Selecting previously unselected package apt.
Jun  3 15:58:41 debootstrap: Preparing to unpack .../archives/apt_1.8.2_amd64.deb ...
Jun  3 15:58:42 debootstrap: Unpacking apt (1.8.2) ...
Jun  3 15:58:42 debootstrap: Preparing to unpack .../base-files_10.3+deb10u3_amd64.deb ...
Jun  3 15:58:42 debootstrap: Unpacking base-files (10.3+deb10u3) over (10.3+deb10u3) ...
Jun  3 15:58:43 debootstrap: Selecting previously unselected package libdebconfclient0:amd64.
Jun  3 15:58:43 debootstrap: Preparing to unpack .../libdebconfclient0_0.249_amd64.deb ...
Jun  3 15:58:43 debootstrap: Unpacking libdebconfclient0:amd64 (0.249) ...
Jun  3 15:58:43 debootstrap: Preparing to unpack .../base-passwd_3.5.46_amd64.deb ...
Jun  3 15:58:44 debootstrap: Unpacking base-passwd (3.5.46) over (3.5.46) ...
Jun  3 15:58:45 debootstrap: Selecting previously unselected package debianutils.
Jun  3 15:58:45 debootstrap: Preparing to unpack .../debianutils_4.8.6.1_amd64.deb ...
Jun  3 15:58:45 debootstrap: Unpacking debianutils (4.8.6.1) ...
Jun  3 15:58:45 debootstrap: Selecting previously unselected package bash.
Jun  3 15:58:45 debootstrap: Preparing to unpack .../archives/bash_5.0-4_amd64.deb ...
Jun  3 15:58:45 debootstrap: dpkg: regarding .../archives/bash_5.0-4_amd64.deb containing bash, pre-dependency problem:
Jun  3 15:58:45 debootstrap:  bash pre-depends on libtinfo6 (>= 6)
Jun  3 15:58:45 debootstrap:   libtinfo6 is not installed.
Jun  3 15:58:45 debootstrap: 
Jun  3 15:58:45 debootstrap: dpkg: warning: ignoring pre-dependency problem!
Jun  3 15:58:46 debootstrap: Unpacking bash (5.0-4) ...
Jun  3 15:58:46 debootstrap: Selecting previously unselected package bsdutils.
Jun  3 15:58:46 debootstrap: dpkg: regarding .../bsdutils_1%3a2.33.1-0.1_amd64.deb containing bsdutils, pre-dependency problem:
Jun  3 15:58:46 debootstrap:  bsdutils pre-depends on libsystemd0
Jun  3 15:58:46 debootstrap:   libsystemd0 is not installed.
Jun  3 15:58:46 debootstrap: 
Jun  3 15:58:46 debootstrap: dpkg: warning: ignoring pre-dependency problem!
Jun  3 15:58:46 debootstrap: Preparing to unpack .../bsdutils_1%3a2.33.1-0.1_amd64.deb ...
Jun  3 15:58:46 debootstrap: Unpacking bsdutils (1:2.33.1-0.1) ...
Jun  3 15:58:47 debootstrap: Selecting previously unselected package coreutils.
Jun  3 15:58:47 debootstrap: Preparing to unpack .../coreutils_8.30-3_amd64.deb ...
Jun  3 15:58:47 debootstrap: dpkg: regarding .../coreutils_8.30-3_amd64.deb containing coreutils, pre-dependency problem:
Jun  3 15:58:47 debootstrap:  coreutils pre-depends on libacl1 (>= 2.2.23)
Jun  3 15:58:47 debootstrap:   libacl1:amd64 is unpacked, but has never been configured.
Jun  3 15:58:47 debootstrap: 
Jun  3 15:58:47 debootstrap: dpkg: warning: ignoring pre-dependency problem!
Jun  3 15:58:47 debootstrap: dpkg: regarding .../coreutils_8.30-3_amd64.deb containing coreutils, pre-dependency problem:
Jun  3 15:58:47 debootstrap:  coreutils pre-depends on libattr1 (>= 1:2.4.44)
Jun  3 15:58:47 debootstrap:   libattr1:amd64 is unpacked, but has never been configured.
Jun  3 15:58:47 debootstrap: 
Jun  3 15:58:47 debootstrap: dpkg: warning: ignoring pre-dependency problem!
Jun  3 15:58:47 debootstrap: dpkg: regarding .../coreutils_8.30-3_amd64.deb containing coreutils, pre-dependency problem:
Jun  3 15:58:47 debootstrap:  coreutils pre-depends on libselinux1 (>= 2.1.13)
Jun  3 15:58:47 debootstrap:   libselinux1 is not installed.
Jun  3 15:58:47 debootstrap: 
Jun  3 15:58:47 debootstrap: dpkg: warning: ignoring pre-dependency problem!
Jun  3 15:58:47 debootstrap: Unpacking coreutils (8.30-3) ...
Jun  3 15:58:47 debootstrap: Selecting previously unselected package dash.
Jun  3 15:58:47 debootstrap: Preparing to unpack .../dash_0.5.10.2-5_amd64.deb ...
Jun  3 15:58:48 debootstrap: Unpacking dash (0.5.10.2-5) ...
Jun  3 15:58:48 debootstrap: Selecting previously unselected package diffutils.
Jun  3 15:58:48 debootstrap: Preparing to unpack .../diffutils_1%3a3.7-3_amd64.deb ...
Jun  3 15:58:48 debootstrap: Unpacking diffutils (1:3.7-3) ...
Jun  3 15:58:48 debootstrap: Selecting previously unselected package libblkid1:amd64.
Jun  3 15:58:48 debootstrap: Preparing to unpack .../libblkid1_2.33.1-0.1_amd64.deb ...
Jun  3 15:58:48 debootstrap: Unpacking libblkid1:amd64 (2.33.1-0.1) ...
Jun  3 15:58:49 debootstrap: Selecting previously unselected package libcom-err2:amd64.
Jun  3 15:58:49 debootstrap: Preparing to unpack .../libcom-err2_1.44.5-1+deb10u3_amd64.deb ...
Jun  3 15:58:49 debootstrap: Unpacking libcom-err2:amd64 (1.44.5-1+deb10u3) ...
Jun  3 15:58:50 debootstrap: Selecting previously unselected package libext2fs2:amd64.
Jun  3 15:58:50 debootstrap: Preparing to unpack .../libext2fs2_1.44.5-1+deb10u3_amd64.deb ...
Jun  3 15:58:50 debootstrap: Unpacking libext2fs2:amd64 (1.44.5-1+deb10u3) ...
Jun  3 15:58:50 debootstrap: Selecting previously unselected package e2fsprogs.
Jun  3 15:58:50 debootstrap: dpkg: regarding .../e2fsprogs_1.44.5-1+deb10u3_amd64.deb containing e2fsprogs, pre-dependency problem:
Jun  3 15:58:50 debootstrap:  e2fsprogs pre-depends on libblkid1 (>= 2.17.2)
Jun  3 15:58:50 debootstrap:   libblkid1:amd64 is unpacked, but has never been configured.
Jun  3 15:58:50 debootstrap: 
Jun  3 15:58:50 debootstrap: dpkg: warning: ignoring pre-dependency problem!
Jun  3 15:58:50 debootstrap: dpkg: regarding .../e2fsprogs_1.44.5-1+deb10u3_amd64.deb containing e2fsprogs, pre-dependency problem:
Jun  3 15:58:50 debootstrap:  e2fsprogs pre-depends on libcom-err2 (>= 1.43.9)
Jun  3 15:58:50 debootstrap:   libcom-err2:amd64 is unpacked, but has never been configured.
Jun  3 15:58:50 debootstrap: 
Jun  3 15:58:50 debootstrap: dpkg: warning: ignoring pre-dependency problem!
Jun  3 15:58:50 debootstrap: dpkg: regarding .../e2fsprogs_1.44.5-1+deb10u3_amd64.deb containing e2fsprogs, pre-dependency problem:
Jun  3 15:58:50 debootstrap:  e2fsprogs pre-depends on libext2fs2 (= 1.44.5-1+deb10u3)
Jun  3 15:58:50 debootstrap:   libext2fs2:amd64 is unpacked, but has never been configured.
Jun  3 15:58:50 debootstrap: 
Jun  3 15:58:50 debootstrap: dpkg: warning: ignoring pre-dependency problem!
Jun  3 15:58:50 debootstrap: dpkg: regarding .../e2fsprogs_1.44.5-1+deb10u3_amd64.deb containing e2fsprogs, pre-dependency problem:
Jun  3 15:58:50 debootstrap:  e2fsprogs pre-depends on libss2 (>= 1.38)
Jun  3 15:58:50 debootstrap:   libss2 is not installed.
Jun  3 15:58:50 debootstrap: 
Jun  3 15:58:50 debootstrap: dpkg: warning: ignoring pre-dependency problem!
Jun  3 15:58:50 debootstrap: dpkg: regarding .../e2fsprogs_1.44.5-1+deb10u3_amd64.deb containing e2fsprogs, pre-dependency problem:
Jun  3 15:58:50 debootstrap:  e2fsprogs pre-depends on libuuid1 (>= 2.16)
Jun  3 15:58:50 debootstrap:   libuuid1 is not installed.
Jun  3 15:58:50 debootstrap: 
Jun  3 15:58:50 debootstrap: dpkg: warning: ignoring pre-dependency problem!
Jun  3 15:58:50 debootstrap: Preparing to unpack .../e2fsprogs_1.44.5-1+deb10u3_amd64.deb ...
Jun  3 15:58:50 debootstrap: Unpacking e2fsprogs (1.44.5-1+deb10u3) ...
Jun  3 15:58:51 debootstrap: Selecting previously unselected package libfdisk1:amd64.
Jun  3 15:58:51 debootstrap: Preparing to unpack .../libfdisk1_2.33.1-0.1_amd64.deb ...
Jun  3 15:58:51 debootstrap: Unpacking libfdisk1:amd64 (2.33.1-0.1) ...
Jun  3 15:58:51 debootstrap: Selecting previously unselected package libmount1:amd64.
Jun  3 15:58:51 debootstrap: Preparing to unpack .../libmount1_2.33.1-0.1_amd64.deb ...
Jun  3 15:58:51 debootstrap: Unpacking libmount1:amd64 (2.33.1-0.1) ...
Jun  3 15:58:52 debootstrap: Selecting previously unselected package libncursesw6:amd64.
Jun  3 15:58:52 debootstrap: Preparing to unpack .../libncursesw6_6.1+20181013-2+deb10u2_amd64.deb ...
Jun  3 15:58:52 debootstrap: Unpacking libncursesw6:amd64 (6.1+20181013-2+deb10u2) ...
Jun  3 15:58:52 debootstrap: Selecting previously unselected package fdisk.
Jun  3 15:58:52 debootstrap: Preparing to unpack .../fdisk_2.33.1-0.1_amd64.deb ...
Jun  3 15:58:52 debootstrap: Unpacking fdisk (2.33.1-0.1) ...
Jun  3 15:58:53 debootstrap: Selecting previously unselected package findutils.
Jun  3 15:58:53 debootstrap: dpkg: regarding .../findutils_4.6.0+git+20190209-2_amd64.deb containing findutils, pre-dependency problem:
Jun  3 15:58:53 debootstrap:  findutils pre-depends on libselinux1 (>= 1.32)
Jun  3 15:58:53 debootstrap:   libselinux1 is not installed.
Jun  3 15:58:53 debootstrap: 
Jun  3 15:58:53 debootstrap: dpkg: warning: ignoring pre-dependency problem!
Jun  3 15:58:53 debootstrap: Preparing to unpack .../findutils_4.6.0+git+20190209-2_amd64.deb ...
Jun  3 15:58:53 debootstrap: Unpacking findutils (4.6.0+git+20190209-2) ...
Jun  3 15:58:53 debootstrap: Selecting previously unselected package grep.
Jun  3 15:58:53 debootstrap: dpkg: regarding .../archives/grep_3.3-1_amd64.deb containing grep, pre-dependency problem:
Jun  3 15:58:53 debootstrap:  grep pre-depends on libpcre3
Jun  3 15:58:53 debootstrap:   libpcre3:amd64 is unpacked, but has never been configured.
Jun  3 15:58:53 debootstrap: 
Jun  3 15:58:53 debootstrap: dpkg: warning: ignoring pre-dependency problem!
Jun  3 15:58:53 debootstrap: Preparing to unpack .../archives/grep_3.3-1_amd64.deb ...
Jun  3 15:58:53 debootstrap: Unpacking grep (3.3-1) ...
Jun  3 15:58:53 debootstrap: Selecting previously unselected package gzip.
Jun  3 15:58:53 debootstrap: Preparing to unpack .../archives/gzip_1.9-3_amd64.deb ...
Jun  3 15:58:53 debootstrap: Unpacking gzip (1.9-3) ...
Jun  3 15:58:54 debootstrap: Selecting previously unselected package hostname.
Jun  3 15:58:54 debootstrap: Preparing to unpack .../hostname_3.21_amd64.deb ...
Jun  3 15:58:54 debootstrap: Unpacking hostname (3.21) ...
Jun  3 15:58:54 debootstrap: Selecting previously unselected package init-system-helpers.
Jun  3 15:58:54 debootstrap: Preparing to unpack .../init-system-helpers_1.56+nmu1_all.deb ...
Jun  3 15:58:54 debootstrap: Unpacking init-system-helpers (1.56+nmu1) ...
Jun  3 15:58:54 debootstrap: Selecting previously unselected package libc-bin.
Jun  3 15:58:54 debootstrap: Preparing to unpack .../libc-bin_2.28-10_amd64.deb ...
Jun  3 15:58:54 debootstrap: Unpacking libc-bin (2.28-10) ...
Jun  3 15:58:55 debootstrap: Selecting previously unselected package libpam-runtime.
Jun  3 15:58:55 debootstrap: Preparing to unpack .../libpam-runtime_1.3.1-5_all.deb ...
Jun  3 15:58:55 debootstrap: Unpacking libpam-runtime (1.3.1-5) ...
Jun  3 15:58:55 debootstrap: Preparing to unpack .../mawk_1.3.3-17+b3_amd64.deb ...
Jun  3 15:58:55 debootstrap: Unpacking mawk (1.3.3-17+b3) over (1.3.3-17+b3) ...
Jun  3 15:58:56 debootstrap: Selecting previously unselected package libunistring2:amd64.
Jun  3 15:58:56 debootstrap: Preparing to unpack .../libunistring2_0.9.10-1_amd64.deb ...
Jun  3 15:58:56 debootstrap: Unpacking libunistring2:amd64 (0.9.10-1) ...
Jun  3 15:58:56 debootstrap: Selecting previously unselected package libselinux1:amd64.
Jun  3 15:58:56 debootstrap: Preparing to unpack .../libselinux1_2.8-1+b1_amd64.deb ...
Jun  3 15:58:56 debootstrap: Unpacking libselinux1:amd64 (2.8-1+b1) ...
Jun  3 15:58:56 debootstrap: Selecting previously unselected package zlib1g:amd64.
Jun  3 15:58:56 debootstrap: Preparing to unpack .../zlib1g_1%3a1.2.11.dfsg-1_amd64.deb ...
Jun  3 15:58:56 debootstrap: Unpacking zlib1g:amd64 (1:1.2.11.dfsg-1) ...
Jun  3 15:58:57 debootstrap: Selecting previously unselected package tar.
Jun  3 15:58:57 debootstrap: dpkg: regarding .../tar_1.30+dfsg-6_amd64.deb containing tar, pre-dependency problem:
Jun  3 15:58:57 debootstrap:  tar pre-depends on libacl1 (>= 2.2.23)
Jun  3 15:58:57 debootstrap:   libacl1:amd64 is unpacked, but has never been configured.
Jun  3 15:58:57 debootstrap: 
Jun  3 15:58:57 debootstrap: dpkg: warning: ignoring pre-dependency problem!
Jun  3 15:58:57 debootstrap: dpkg: regarding .../tar_1.30+dfsg-6_amd64.deb containing tar, pre-dependency problem:
Jun  3 15:58:57 debootstrap:  tar pre-depends on libselinux1 (>= 1.32)
Jun  3 15:58:57 debootstrap:   libselinux1:amd64 is unpacked, but has never been configured.
Jun  3 15:58:57 debootstrap: 
Jun  3 15:58:57 debootstrap: dpkg: warning: ignoring pre-dependency problem!
Jun  3 15:58:57 debootstrap: Preparing to unpack .../tar_1.30+dfsg-6_amd64.deb ...
Jun  3 15:58:57 debootstrap: Unpacking tar (1.30+dfsg-6) ...
Jun  3 15:58:57 debootstrap: Preparing to unpack .../perl-base_5.28.1-6_amd64.deb ...
Jun  3 15:58:57 debootstrap: Unpacking perl-base (5.28.1-6) over (5.28.1-6) ...
Jun  3 15:58:58 debootstrap: Selecting previously unselected package libsemanage-common.
Jun  3 15:58:58 debootstrap: Preparing to unpack .../libsemanage-common_2.8-2_all.deb ...
Jun  3 15:58:58 debootstrap: Unpacking libsemanage-common (2.8-2) ...
Jun  3 15:58:58 debootstrap: Selecting previously unselected package libsepol1:amd64.
Jun  3 15:58:58 debootstrap: Preparing to unpack .../libsepol1_2.8-1_amd64.deb ...
Jun  3 15:58:58 debootstrap: Unpacking libsepol1:amd64 (2.8-1) ...
Jun  3 15:58:59 debootstrap: Selecting previously unselected package libsemanage1:amd64.
Jun  3 15:58:59 debootstrap: Preparing to unpack .../libsemanage1_2.8-2_amd64.deb ...
Jun  3 15:58:59 debootstrap: Unpacking libsemanage1:amd64 (2.8-2) ...
Jun  3 15:58:59 debootstrap: Selecting previously unselected package passwd.
Jun  3 15:58:59 debootstrap: Preparing to unpack .../passwd_1%3a4.5-1.1_amd64.deb ...
Jun  3 15:58:59 debootstrap: Unpacking passwd (1:4.5-1.1) ...
Jun  3 15:59:00 debootstrap: Selecting previously unselected package libstdc++6:amd64.
Jun  3 15:59:00 debootstrap: Preparing to unpack .../libstdc++6_8.3.0-6_amd64.deb ...
Jun  3 15:59:00 debootstrap: Unpacking libstdc++6:amd64 (8.3.0-6) ...
Jun  3 15:59:00 debootstrap: Selecting previously unselected package libsystemd0:amd64.
